###############################################################################
#
# IAR ELF Linker V9.10.1.308/W64 for ARM                  22/Feb/2022  19:06:10
# Copyright 2007-2021 IAR Systems AB.
#
#    Output file  =
#        D:\GitHub\STM32H743_Azure_MQTT_Client\Nx_MQTT_Client\EWARM\Nx_MQTT_Client\Exe\Nx_MQTT_Client.out
#    Map file     =
#        D:\GitHub\STM32H743_Azure_MQTT_Client\Nx_MQTT_Client\EWARM\Nx_MQTT_Client\List\Nx_MQTT_Client.map
#    Command line =
#        -f
#        D:\GitHub\STM32H743_Azure_MQTT_Client\Nx_MQTT_Client\EWARM\Nx_MQTT_Client\Exe\Nx_MQTT_Client.out.rsp
#        (D:\GitHub\STM32H743_Azure_MQTT_Client\Nx_MQTT_Client\EWARM\Nx_MQTT_Client\Obj\Application\User\AZURE_RTOS\App\app_azure_rtos.o
#        D:\GitHub\STM32H743_Azure_MQTT_Client\Nx_MQTT_Client\EWARM\Nx_MQTT_Client\Obj\Application\User\NetXDuo\App\app_netxduo.o
#        D:\GitHub\STM32H743_Azure_MQTT_Client\Nx_MQTT_Client\EWARM\Nx_MQTT_Client\Obj\Application\User\Core\app_threadx.o
#        D:\GitHub\STM32H743_Azure_MQTT_Client\Nx_MQTT_Client\EWARM\Nx_MQTT_Client\Obj\Drivers\BSP\Components\lan8742.o
#        D:\GitHub\STM32H743_Azure_MQTT_Client\Nx_MQTT_Client\EWARM\Nx_MQTT_Client\Obj\Application\User\Core\main.o
#        "D:\GitHub\STM32H743_Azure_MQTT_Client\Nx_MQTT_Client\EWARM\Nx_MQTT_Client\Obj\Middlewares\NetXDuo\Network\NetXDuo\NX
#        Core\nx_arp_announce_send.o"
#        "D:\GitHub\STM32H743_Azure_MQTT_Client\Nx_MQTT_Client\EWARM\Nx_MQTT_Client\Obj\Middlewares\NetXDuo\Network\NetXDuo\NX
#        Core\nx_arp_dynamic_entries_invalidate.o"
#        "D:\GitHub\STM32H743_Azure_MQTT_Client\Nx_MQTT_Client\EWARM\Nx_MQTT_Client\Obj\Middlewares\NetXDuo\Network\NetXDuo\NX
#        Core\nx_arp_dynamic_entry_delete.o"
#        "D:\GitHub\STM32H743_Azure_MQTT_Client\Nx_MQTT_Client\EWARM\Nx_MQTT_Client\Obj\Middlewares\NetXDuo\Network\NetXDuo\NX
#        Core\nx_arp_dynamic_entry_set.o"
#        "D:\GitHub\STM32H743_Azure_MQTT_Client\Nx_MQTT_Client\EWARM\Nx_MQTT_Client\Obj\Middlewares\NetXDuo\Network\NetXDuo\NX
#        Core\nx_arp_enable.o"
#        "D:\GitHub\STM32H743_Azure_MQTT_Client\Nx_MQTT_Client\EWARM\Nx_MQTT_Client\Obj\Middlewares\NetXDuo\Network\NetXDuo\NX
#        Core\nx_arp_entry_allocate.o"
#        "D:\GitHub\STM32H743_Azure_MQTT_Client\Nx_MQTT_Client\EWARM\Nx_MQTT_Client\Obj\Middlewares\NetXDuo\Network\NetXDuo\NX
#        Core\nx_arp_entry_delete.o"
#        "D:\GitHub\STM32H743_Azure_MQTT_Client\Nx_MQTT_Client\EWARM\Nx_MQTT_Client\Obj\Middlewares\NetXDuo\Network\NetXDuo\NX
#        Core\nx_arp_gratuitous_send.o"
#        "D:\GitHub\STM32H743_Azure_MQTT_Client\Nx_MQTT_Client\EWARM\Nx_MQTT_Client\Obj\Middlewares\NetXDuo\Network\NetXDuo\NX
#        Core\nx_arp_hardware_address_find.o"
#        "D:\GitHub\STM32H743_Azure_MQTT_Client\Nx_MQTT_Client\EWARM\Nx_MQTT_Client\Obj\Middlewares\NetXDuo\Network\NetXDuo\NX
#        Core\nx_arp_info_get.o"
#        "D:\GitHub\STM32H743_Azure_MQTT_Client\Nx_MQTT_Client\EWARM\Nx_MQTT_Client\Obj\Middlewares\NetXDuo\Network\NetXDuo\NX
#        Core\nx_arp_initialize.o"
#        "D:\GitHub\STM32H743_Azure_MQTT_Client\Nx_MQTT_Client\EWARM\Nx_MQTT_Client\Obj\Middlewares\NetXDuo\Network\NetXDuo\NX
#        Core\nx_arp_interface_entries_delete.o"
#        "D:\GitHub\STM32H743_Azure_MQTT_Client\Nx_MQTT_Client\EWARM\Nx_MQTT_Client\Obj\Middlewares\NetXDuo\Network\NetXDuo\NX
#        Core\nx_arp_ip_address_find.o"
#        "D:\GitHub\STM32H743_Azure_MQTT_Client\Nx_MQTT_Client\EWARM\Nx_MQTT_Client\Obj\Middlewares\NetXDuo\Network\NetXDuo\NX
#        Core\nx_arp_packet_deferred_receive.o"
#        "D:\GitHub\STM32H743_Azure_MQTT_Client\Nx_MQTT_Client\EWARM\Nx_MQTT_Client\Obj\Middlewares\NetXDuo\Network\NetXDuo\NX
#        Core\nx_arp_packet_receive.o"
#        "D:\GitHub\STM32H743_Azure_MQTT_Client\Nx_MQTT_Client\EWARM\Nx_MQTT_Client\Obj\Middlewares\NetXDuo\Network\NetXDuo\NX
#        Core\nx_arp_packet_send.o"
#        "D:\GitHub\STM32H743_Azure_MQTT_Client\Nx_MQTT_Client\EWARM\Nx_MQTT_Client\Obj\Middlewares\NetXDuo\Network\NetXDuo\NX
#        Core\nx_arp_periodic_update.o"
#        "D:\GitHub\STM32H743_Azure_MQTT_Client\Nx_MQTT_Client\EWARM\Nx_MQTT_Client\Obj\Middlewares\NetXDuo\Network\NetXDuo\NX
#        Core\nx_arp_probe_send.o"
#        "D:\GitHub\STM32H743_Azure_MQTT_Client\Nx_MQTT_Client\EWARM\Nx_MQTT_Client\Obj\Middlewares\NetXDuo\Network\NetXDuo\NX
#        Core\nx_arp_queue_process.o"
#        "D:\GitHub\STM32H743_Azure_MQTT_Client\Nx_MQTT_Client\EWARM\Nx_MQTT_Client\Obj\Middlewares\NetXDuo\Network\NetXDuo\NX
#        Core\nx_arp_queue_send.o"
#        "D:\GitHub\STM32H743_Azure_MQTT_Client\Nx_MQTT_Client\EWARM\Nx_MQTT_Client\Obj\Middlewares\NetXDuo\Network\NetXDuo\NX
#        Core\nx_arp_static_entries_delete.o"
#        "D:\GitHub\STM32H743_Azure_MQTT_Client\Nx_MQTT_Client\EWARM\Nx_MQTT_Client\Obj\Middlewares\NetXDuo\Network\NetXDuo\NX
#        Core\nx_arp_static_entry_create.o"
#        "D:\GitHub\STM32H743_Azure_MQTT_Client\Nx_MQTT_Client\EWARM\Nx_MQTT_Client\Obj\Middlewares\NetXDuo\Network\NetXDuo\NX
#        Core\nx_arp_static_entry_delete.o"
#        "D:\GitHub\STM32H743_Azure_MQTT_Client\Nx_MQTT_Client\EWARM\Nx_MQTT_Client\Obj\Middlewares\NetXDuo\Network\NetXDuo\NX
#        Core\nx_arp_static_entry_delete_internal.o"
#        D:\GitHub\STM32H743_Azure_MQTT_Client\Nx_MQTT_Client\EWARM\Nx_MQTT_Client\Obj\Middlewares\NetXDuo\Network\NetXDuo\Crypto\nx_crypto_3des.o
#        D:\GitHub\STM32H743_Azure_MQTT_Client\Nx_MQTT_Client\EWARM\Nx_MQTT_Client\Obj\Middlewares\NetXDuo\Network\NetXDuo\Crypto\nx_crypto_aes.o
#        D:\GitHub\STM32H743_Azure_MQTT_Client\Nx_MQTT_Client\EWARM\Nx_MQTT_Client\Obj\Middlewares\NetXDuo\Network\NetXDuo\Crypto\nx_crypto_cbc.o
#        D:\GitHub\STM32H743_Azure_MQTT_Client\Nx_MQTT_Client\EWARM\Nx_MQTT_Client\Obj\Middlewares\NetXDuo\Network\NetXDuo\Crypto\nx_crypto_ccm.o
#        D:\GitHub\STM32H743_Azure_MQTT_Client\Nx_MQTT_Client\EWARM\Nx_MQTT_Client\Obj\Middlewares\NetXDuo\Network\NetXDuo\Crypto\nx_crypto_ctr.o
#        D:\GitHub\STM32H743_Azure_MQTT_Client\Nx_MQTT_Client\EWARM\Nx_MQTT_Client\Obj\Middlewares\NetXDuo\Network\NetXDuo\Crypto\nx_crypto_des.o
#        D:\GitHub\STM32H743_Azure_MQTT_Client\Nx_MQTT_Client\EWARM\Nx_MQTT_Client\Obj\Middlewares\NetXDuo\Network\NetXDuo\Crypto\nx_crypto_dh.o
#        D:\GitHub\STM32H743_Azure_MQTT_Client\Nx_MQTT_Client\EWARM\Nx_MQTT_Client\Obj\Middlewares\NetXDuo\Network\NetXDuo\Crypto\nx_crypto_drbg.o
#        D:\GitHub\STM32H743_Azure_MQTT_Client\Nx_MQTT_Client\EWARM\Nx_MQTT_Client\Obj\Middlewares\NetXDuo\Network\NetXDuo\Crypto\nx_crypto_ec.o
#        D:\GitHub\STM32H743_Azure_MQTT_Client\Nx_MQTT_Client\EWARM\Nx_MQTT_Client\Obj\Middlewares\NetXDuo\Network\NetXDuo\Crypto\nx_crypto_ec_secp192r1_fixed_points.o
#        D:\GitHub\STM32H743_Azure_MQTT_Client\Nx_MQTT_Client\EWARM\Nx_MQTT_Client\Obj\Middlewares\NetXDuo\Network\NetXDuo\Crypto\nx_crypto_ec_secp224r1_fixed_points.o
#        D:\GitHub\STM32H743_Azure_MQTT_Client\Nx_MQTT_Client\EWARM\Nx_MQTT_Client\Obj\Middlewares\NetXDuo\Network\NetXDuo\Crypto\nx_crypto_ec_secp256r1_fixed_points.o
#        D:\GitHub\STM32H743_Azure_MQTT_Client\Nx_MQTT_Client\EWARM\Nx_MQTT_Client\Obj\Middlewares\NetXDuo\Network\NetXDuo\Crypto\nx_crypto_ec_secp384r1_fixed_points.o
#        D:\GitHub\STM32H743_Azure_MQTT_Client\Nx_MQTT_Client\EWARM\Nx_MQTT_Client\Obj\Middlewares\NetXDuo\Network\NetXDuo\Crypto\nx_crypto_ec_secp521r1_fixed_points.o
#        D:\GitHub\STM32H743_Azure_MQTT_Client\Nx_MQTT_Client\EWARM\Nx_MQTT_Client\Obj\Middlewares\NetXDuo\Network\NetXDuo\Crypto\nx_crypto_ecdh.o
#        D:\GitHub\STM32H743_Azure_MQTT_Client\Nx_MQTT_Client\EWARM\Nx_MQTT_Client\Obj\Middlewares\NetXDuo\Network\NetXDuo\Crypto\nx_crypto_ecdsa.o
#        D:\GitHub\STM32H743_Azure_MQTT_Client\Nx_MQTT_Client\EWARM\Nx_MQTT_Client\Obj\Middlewares\NetXDuo\Network\NetXDuo\Crypto\nx_crypto_ecjpake.o
#        D:\GitHub\STM32H743_Azure_MQTT_Client\Nx_MQTT_Client\EWARM\Nx_MQTT_Client\Obj\Middlewares\NetXDuo\Network\NetXDuo\Crypto\nx_crypto_gcm.o
#        D:\GitHub\STM32H743_Azure_MQTT_Client\Nx_MQTT_Client\EWARM\Nx_MQTT_Client\Obj\Middlewares\NetXDuo\Network\NetXDuo\Crypto\nx_crypto_generic_ciphersuites.o
#        D:\GitHub\STM32H743_Azure_MQTT_Client\Nx_MQTT_Client\EWARM\Nx_MQTT_Client\Obj\Middlewares\NetXDuo\Network\NetXDuo\Crypto\nx_crypto_hkdf.o
#        D:\GitHub\STM32H743_Azure_MQTT_Client\Nx_MQTT_Client\EWARM\Nx_MQTT_Client\Obj\Middlewares\NetXDuo\Network\NetXDuo\Crypto\nx_crypto_hmac.o
#        D:\GitHub\STM32H743_Azure_MQTT_Client\Nx_MQTT_Client\EWARM\Nx_MQTT_Client\Obj\Middlewares\NetXDuo\Network\NetXDuo\Crypto\nx_crypto_hmac_md5.o
#        D:\GitHub\STM32H743_Azure_MQTT_Client\Nx_MQTT_Client\EWARM\Nx_MQTT_Client\Obj\Middlewares\NetXDuo\Network\NetXDuo\Crypto\nx_crypto_hmac_sha1.o
#        D:\GitHub\STM32H743_Azure_MQTT_Client\Nx_MQTT_Client\EWARM\Nx_MQTT_Client\Obj\Middlewares\NetXDuo\Network\NetXDuo\Crypto\nx_crypto_hmac_sha2.o
#        D:\GitHub\STM32H743_Azure_MQTT_Client\Nx_MQTT_Client\EWARM\Nx_MQTT_Client\Obj\Middlewares\NetXDuo\Network\NetXDuo\Crypto\nx_crypto_hmac_sha5.o
#        D:\GitHub\STM32H743_Azure_MQTT_Client\Nx_MQTT_Client\EWARM\Nx_MQTT_Client\Obj\Middlewares\NetXDuo\Network\NetXDuo\Crypto\nx_crypto_huge_number.o
#        D:\GitHub\STM32H743_Azure_MQTT_Client\Nx_MQTT_Client\EWARM\Nx_MQTT_Client\Obj\Middlewares\NetXDuo\Network\NetXDuo\Crypto\nx_crypto_huge_number_extended.o
#        D:\GitHub\STM32H743_Azure_MQTT_Client\Nx_MQTT_Client\EWARM\Nx_MQTT_Client\Obj\Middlewares\NetXDuo\Network\NetXDuo\Crypto\nx_crypto_initialize.o
#        D:\GitHub\STM32H743_Azure_MQTT_Client\Nx_MQTT_Client\EWARM\Nx_MQTT_Client\Obj\Middlewares\NetXDuo\Network\NetXDuo\Crypto\nx_crypto_md5.o
#        D:\GitHub\STM32H743_Azure_MQTT_Client\Nx_MQTT_Client\EWARM\Nx_MQTT_Client\Obj\Middlewares\NetXDuo\Network\NetXDuo\Crypto\nx_crypto_methods.o
#        D:\GitHub\STM32H743_Azure_MQTT_Client\Nx_MQTT_Client\EWARM\Nx_MQTT_Client\Obj\Middlewares\NetXDuo\Network\NetXDuo\Crypto\nx_crypto_module_start.o
#        D:\GitHub\STM32H743_Azure_MQTT_Client\Nx_MQTT_Client\EWARM\Nx_MQTT_Client\Obj\Middlewares\NetXDuo\Network\NetXDuo\Crypto\nx_crypto_null_cipher.o
#        D:\GitHub\STM32H743_Azure_MQTT_Client\Nx_MQTT_Client\EWARM\Nx_MQTT_Client\Obj\Middlewares\NetXDuo\Network\NetXDuo\Crypto\nx_crypto_phash.o
#        D:\GitHub\STM32H743_Azure_MQTT_Client\Nx_MQTT_Client\EWARM\Nx_MQTT_Client\Obj\Middlewares\NetXDuo\Network\NetXDuo\Crypto\nx_crypto_pkcs1_v1.5.o
#        D:\GitHub\STM32H743_Azure_MQTT_Client\Nx_MQTT_Client\EWARM\Nx_MQTT_Client\Obj\Middlewares\NetXDuo\Network\NetXDuo\Crypto\nx_crypto_rsa.o
#        D:\GitHub\STM32H743_Azure_MQTT_Client\Nx_MQTT_Client\EWARM\Nx_MQTT_Client\Obj\Middlewares\NetXDuo\Network\NetXDuo\Crypto\nx_crypto_sha1.o
#        D:\GitHub\STM32H743_Azure_MQTT_Client\Nx_MQTT_Client\EWARM\Nx_MQTT_Client\Obj\Middlewares\NetXDuo\Network\NetXDuo\Crypto\nx_crypto_sha2.o
#        D:\GitHub\STM32H743_Azure_MQTT_Client\Nx_MQTT_Client\EWARM\Nx_MQTT_Client\Obj\Middlewares\NetXDuo\Network\NetXDuo\Crypto\nx_crypto_sha5.o
#        D:\GitHub\STM32H743_Azure_MQTT_Client\Nx_MQTT_Client\EWARM\Nx_MQTT_Client\Obj\Middlewares\NetXDuo\Network\NetXDuo\Crypto\nx_crypto_tls_prf_1.o
#        D:\GitHub\STM32H743_Azure_MQTT_Client\Nx_MQTT_Client\EWARM\Nx_MQTT_Client\Obj\Middlewares\NetXDuo\Network\NetXDuo\Crypto\nx_crypto_tls_prf_sha256.o
#        D:\GitHub\STM32H743_Azure_MQTT_Client\Nx_MQTT_Client\EWARM\Nx_MQTT_Client\Obj\Middlewares\NetXDuo\Network\NetXDuo\Crypto\nx_crypto_tls_prf_sha384.o
#        D:\GitHub\STM32H743_Azure_MQTT_Client\Nx_MQTT_Client\EWARM\Nx_MQTT_Client\Obj\Middlewares\NetXDuo\Network\NetXDuo\Crypto\nx_crypto_tls_prf_sha512.o
#        D:\GitHub\STM32H743_Azure_MQTT_Client\Nx_MQTT_Client\EWARM\Nx_MQTT_Client\Obj\Middlewares\NetXDuo\Network\NetXDuo\Crypto\nx_crypto_xcbc_mac.o
#        "D:\GitHub\STM32H743_Azure_MQTT_Client\Nx_MQTT_Client\EWARM\Nx_MQTT_Client\Obj\Middlewares\NetXDuo\Network\NetXDuo\NX
#        Core\nx_icmp_cleanup.o"
#        "D:\GitHub\STM32H743_Azure_MQTT_Client\Nx_MQTT_Client\EWARM\Nx_MQTT_Client\Obj\Middlewares\NetXDuo\Network\NetXDuo\NX
#        Core\nx_icmp_enable.o"
#        "D:\GitHub\STM32H743_Azure_MQTT_Client\Nx_MQTT_Client\EWARM\Nx_MQTT_Client\Obj\Middlewares\NetXDuo\Network\NetXDuo\NX
#        Core\nx_icmp_info_get.o"
#        "D:\GitHub\STM32H743_Azure_MQTT_Client\Nx_MQTT_Client\EWARM\Nx_MQTT_Client\Obj\Middlewares\NetXDuo\Network\NetXDuo\NX
#        Core\nx_icmp_interface_ping.o"
#        "D:\GitHub\STM32H743_Azure_MQTT_Client\Nx_MQTT_Client\EWARM\Nx_MQTT_Client\Obj\Middlewares\NetXDuo\Network\NetXDuo\NX
#        Core\nx_icmp_interface_ping6.o"
#        "D:\GitHub\STM32H743_Azure_MQTT_Client\Nx_MQTT_Client\EWARM\Nx_MQTT_Client\Obj\Middlewares\NetXDuo\Network\NetXDuo\NX
#        Core\nx_icmp_packet_process.o"
#        "D:\GitHub\STM32H743_Azure_MQTT_Client\Nx_MQTT_Client\EWARM\Nx_MQTT_Client\Obj\Middlewares\NetXDuo\Network\NetXDuo\NX
#        Core\nx_icmp_packet_receive.o"
#        "D:\GitHub\STM32H743_Azure_MQTT_Client\Nx_MQTT_Client\EWARM\Nx_MQTT_Client\Obj\Middlewares\NetXDuo\Network\NetXDuo\NX
#        Core\nx_icmp_ping.o"
#        "D:\GitHub\STM32H743_Azure_MQTT_Client\Nx_MQTT_Client\EWARM\Nx_MQTT_Client\Obj\Middlewares\NetXDuo\Network\NetXDuo\NX
#        Core\nx_icmp_ping6.o"
#        "D:\GitHub\STM32H743_Azure_MQTT_Client\Nx_MQTT_Client\EWARM\Nx_MQTT_Client\Obj\Middlewares\NetXDuo\Network\NetXDuo\NX
#        Core\nx_icmp_queue_process.o"
#        "D:\GitHub\STM32H743_Azure_MQTT_Client\Nx_MQTT_Client\EWARM\Nx_MQTT_Client\Obj\Middlewares\NetXDuo\Network\NetXDuo\NX
#        Core\nx_icmpv4_packet_process.o"
#        "D:\GitHub\STM32H743_Azure_MQTT_Client\Nx_MQTT_Client\EWARM\Nx_MQTT_Client\Obj\Middlewares\NetXDuo\Network\NetXDuo\NX
#        Core\nx_icmpv4_process_echo_reply.o"
#        "D:\GitHub\STM32H743_Azure_MQTT_Client\Nx_MQTT_Client\EWARM\Nx_MQTT_Client\Obj\Middlewares\NetXDuo\Network\NetXDuo\NX
#        Core\nx_icmpv4_process_echo_request.o"
#        "D:\GitHub\STM32H743_Azure_MQTT_Client\Nx_MQTT_Client\EWARM\Nx_MQTT_Client\Obj\Middlewares\NetXDuo\Network\NetXDuo\NX
#        Core\nx_icmpv4_send_error_message.o"
#        "D:\GitHub\STM32H743_Azure_MQTT_Client\Nx_MQTT_Client\EWARM\Nx_MQTT_Client\Obj\Middlewares\NetXDuo\Network\NetXDuo\NX
#        Core\nx_icmpv6_DAD_clear_NDCache_entry.o"
#        "D:\GitHub\STM32H743_Azure_MQTT_Client\Nx_MQTT_Client\EWARM\Nx_MQTT_Client\Obj\Middlewares\NetXDuo\Network\NetXDuo\NX
#        Core\nx_icmpv6_DAD_failure.o"
#        "D:\GitHub\STM32H743_Azure_MQTT_Client\Nx_MQTT_Client\EWARM\Nx_MQTT_Client\Obj\Middlewares\NetXDuo\Network\NetXDuo\NX
#        Core\nx_icmpv6_dest_table_add.o"
#        "D:\GitHub\STM32H743_Azure_MQTT_Client\Nx_MQTT_Client\EWARM\Nx_MQTT_Client\Obj\Middlewares\NetXDuo\Network\NetXDuo\NX
#        Core\nx_icmpv6_dest_table_find.o"
#        "D:\GitHub\STM32H743_Azure_MQTT_Client\Nx_MQTT_Client\EWARM\Nx_MQTT_Client\Obj\Middlewares\NetXDuo\Network\NetXDuo\NX
#        Core\nx_icmpv6_destination_table_periodic_update.o"
#        "D:\GitHub\STM32H743_Azure_MQTT_Client\Nx_MQTT_Client\EWARM\Nx_MQTT_Client\Obj\Middlewares\NetXDuo\Network\NetXDuo\NX
#        Core\nx_icmpv6_packet_process.o"
#        "D:\GitHub\STM32H743_Azure_MQTT_Client\Nx_MQTT_Client\EWARM\Nx_MQTT_Client\Obj\Middlewares\NetXDuo\Network\NetXDuo\NX
#        Core\nx_icmpv6_perform_DAD.o"
#        "D:\GitHub\STM32H743_Azure_MQTT_Client\Nx_MQTT_Client\EWARM\Nx_MQTT_Client\Obj\Middlewares\NetXDuo\Network\NetXDuo\NX
#        Core\nx_icmpv6_process_echo_reply.o"
#        "D:\GitHub\STM32H743_Azure_MQTT_Client\Nx_MQTT_Client\EWARM\Nx_MQTT_Client\Obj\Middlewares\NetXDuo\Network\NetXDuo\NX
#        Core\nx_icmpv6_process_echo_request.o"
#        "D:\GitHub\STM32H743_Azure_MQTT_Client\Nx_MQTT_Client\EWARM\Nx_MQTT_Client\Obj\Middlewares\NetXDuo\Network\NetXDuo\NX
#        Core\nx_icmpv6_process_na.o"
#        "D:\GitHub\STM32H743_Azure_MQTT_Client\Nx_MQTT_Client\EWARM\Nx_MQTT_Client\Obj\Middlewares\NetXDuo\Network\NetXDuo\NX
#        Core\nx_icmpv6_process_ns.o"
#        "D:\GitHub\STM32H743_Azure_MQTT_Client\Nx_MQTT_Client\EWARM\Nx_MQTT_Client\Obj\Middlewares\NetXDuo\Network\NetXDuo\NX
#        Core\nx_icmpv6_process_packet_too_big.o"
#        "D:\GitHub\STM32H743_Azure_MQTT_Client\Nx_MQTT_Client\EWARM\Nx_MQTT_Client\Obj\Middlewares\NetXDuo\Network\NetXDuo\NX
#        Core\nx_icmpv6_process_ra.o"
#        "D:\GitHub\STM32H743_Azure_MQTT_Client\Nx_MQTT_Client\EWARM\Nx_MQTT_Client\Obj\Middlewares\NetXDuo\Network\NetXDuo\NX
#        Core\nx_icmpv6_process_redirect.o"
#        "D:\GitHub\STM32H743_Azure_MQTT_Client\Nx_MQTT_Client\EWARM\Nx_MQTT_Client\Obj\Middlewares\NetXDuo\Network\NetXDuo\NX
#        Core\nx_icmpv6_send_error_message.o"
#        "D:\GitHub\STM32H743_Azure_MQTT_Client\Nx_MQTT_Client\EWARM\Nx_MQTT_Client\Obj\Middlewares\NetXDuo\Network\NetXDuo\NX
#        Core\nx_icmpv6_send_ns.o"
#        "D:\GitHub\STM32H743_Azure_MQTT_Client\Nx_MQTT_Client\EWARM\Nx_MQTT_Client\Obj\Middlewares\NetXDuo\Network\NetXDuo\NX
#        Core\nx_icmpv6_send_queued_packets.o"
#        "D:\GitHub\STM32H743_Azure_MQTT_Client\Nx_MQTT_Client\EWARM\Nx_MQTT_Client\Obj\Middlewares\NetXDuo\Network\NetXDuo\NX
#        Core\nx_icmpv6_send_rs.o"
#        "D:\GitHub\STM32H743_Azure_MQTT_Client\Nx_MQTT_Client\EWARM\Nx_MQTT_Client\Obj\Middlewares\NetXDuo\Network\NetXDuo\NX
#        Core\nx_icmpv6_validate_neighbor_message.o"
#        "D:\GitHub\STM32H743_Azure_MQTT_Client\Nx_MQTT_Client\EWARM\Nx_MQTT_Client\Obj\Middlewares\NetXDuo\Network\NetXDuo\NX
#        Core\nx_icmpv6_validate_options.o"
#        "D:\GitHub\STM32H743_Azure_MQTT_Client\Nx_MQTT_Client\EWARM\Nx_MQTT_Client\Obj\Middlewares\NetXDuo\Network\NetXDuo\NX
#        Core\nx_icmpv6_validate_ra.o"
#        "D:\GitHub\STM32H743_Azure_MQTT_Client\Nx_MQTT_Client\EWARM\Nx_MQTT_Client\Obj\Middlewares\NetXDuo\Network\NetXDuo\NX
#        Core\nx_igmp_enable.o"
#        "D:\GitHub\STM32H743_Azure_MQTT_Client\Nx_MQTT_Client\EWARM\Nx_MQTT_Client\Obj\Middlewares\NetXDuo\Network\NetXDuo\NX
#        Core\nx_igmp_info_get.o"
#        "D:\GitHub\STM32H743_Azure_MQTT_Client\Nx_MQTT_Client\EWARM\Nx_MQTT_Client\Obj\Middlewares\NetXDuo\Network\NetXDuo\NX
#        Core\nx_igmp_interface_report_send.o"
#        "D:\GitHub\STM32H743_Azure_MQTT_Client\Nx_MQTT_Client\EWARM\Nx_MQTT_Client\Obj\Middlewares\NetXDuo\Network\NetXDuo\NX
#        Core\nx_igmp_loopback_disable.o"
#        "D:\GitHub\STM32H743_Azure_MQTT_Client\Nx_MQTT_Client\EWARM\Nx_MQTT_Client\Obj\Middlewares\NetXDuo\Network\NetXDuo\NX
#        Core\nx_igmp_loopback_enable.o"
#        "D:\GitHub\STM32H743_Azure_MQTT_Client\Nx_MQTT_Client\EWARM\Nx_MQTT_Client\Obj\Middlewares\NetXDuo\Network\NetXDuo\NX
#        Core\nx_igmp_multicast_check.o"
#        "D:\GitHub\STM32H743_Azure_MQTT_Client\Nx_MQTT_Client\EWARM\Nx_MQTT_Client\Obj\Middlewares\NetXDuo\Network\NetXDuo\NX
#        Core\nx_igmp_multicast_interface_join.o"
#        "D:\GitHub\STM32H743_Azure_MQTT_Client\Nx_MQTT_Client\EWARM\Nx_MQTT_Client\Obj\Middlewares\NetXDuo\Network\NetXDuo\NX
#        Core\nx_igmp_multicast_interface_join_internal.o"
#        "D:\GitHub\STM32H743_Azure_MQTT_Client\Nx_MQTT_Client\EWARM\Nx_MQTT_Client\Obj\Middlewares\NetXDuo\Network\NetXDuo\NX
#        Core\nx_igmp_multicast_interface_leave.o"
#        "D:\GitHub\STM32H743_Azure_MQTT_Client\Nx_MQTT_Client\EWARM\Nx_MQTT_Client\Obj\Middlewares\NetXDuo\Network\NetXDuo\NX
#        Core\nx_igmp_multicast_interface_leave_internal.o"
#        "D:\GitHub\STM32H743_Azure_MQTT_Client\Nx_MQTT_Client\EWARM\Nx_MQTT_Client\Obj\Middlewares\NetXDuo\Network\NetXDuo\NX
#        Core\nx_igmp_multicast_join.o"
#        "D:\GitHub\STM32H743_Azure_MQTT_Client\Nx_MQTT_Client\EWARM\Nx_MQTT_Client\Obj\Middlewares\NetXDuo\Network\NetXDuo\NX
#        Core\nx_igmp_multicast_leave.o"
#        "D:\GitHub\STM32H743_Azure_MQTT_Client\Nx_MQTT_Client\EWARM\Nx_MQTT_Client\Obj\Middlewares\NetXDuo\Network\NetXDuo\NX
#        Core\nx_igmp_packet_process.o"
#        "D:\GitHub\STM32H743_Azure_MQTT_Client\Nx_MQTT_Client\EWARM\Nx_MQTT_Client\Obj\Middlewares\NetXDuo\Network\NetXDuo\NX
#        Core\nx_igmp_packet_receive.o"
#        "D:\GitHub\STM32H743_Azure_MQTT_Client\Nx_MQTT_Client\EWARM\Nx_MQTT_Client\Obj\Middlewares\NetXDuo\Network\NetXDuo\NX
#        Core\nx_igmp_periodic_processing.o"
#        "D:\GitHub\STM32H743_Azure_MQTT_Client\Nx_MQTT_Client\EWARM\Nx_MQTT_Client\Obj\Middlewares\NetXDuo\Network\NetXDuo\NX
#        Core\nx_igmp_queue_process.o"
#        "D:\GitHub\STM32H743_Azure_MQTT_Client\Nx_MQTT_Client\EWARM\Nx_MQTT_Client\Obj\Middlewares\NetXDuo\Network\NetXDuo\NX
#        Core\nx_invalidate_destination_entry.o"
#        "D:\GitHub\STM32H743_Azure_MQTT_Client\Nx_MQTT_Client\EWARM\Nx_MQTT_Client\Obj\Middlewares\NetXDuo\Network\NetXDuo\NX
#        Core\nx_ip_address_change_notify.o"
#        "D:\GitHub\STM32H743_Azure_MQTT_Client\Nx_MQTT_Client\EWARM\Nx_MQTT_Client\Obj\Middlewares\NetXDuo\Network\NetXDuo\NX
#        Core\nx_ip_address_get.o"
#        "D:\GitHub\STM32H743_Azure_MQTT_Client\Nx_MQTT_Client\EWARM\Nx_MQTT_Client\Obj\Middlewares\NetXDuo\Network\NetXDuo\NX
#        Core\nx_ip_address_set.o"
#        "D:\GitHub\STM32H743_Azure_MQTT_Client\Nx_MQTT_Client\EWARM\Nx_MQTT_Client\Obj\Middlewares\NetXDuo\Network\NetXDuo\NX
#        Core\nx_ip_auxiliary_packet_pool_set.o"
#        "D:\GitHub\STM32H743_Azure_MQTT_Client\Nx_MQTT_Client\EWARM\Nx_MQTT_Client\Obj\Middlewares\NetXDuo\Network\NetXDuo\NX
#        Core\nx_ip_checksum_compute.o"
#        "D:\GitHub\STM32H743_Azure_MQTT_Client\Nx_MQTT_Client\EWARM\Nx_MQTT_Client\Obj\Middlewares\NetXDuo\Network\NetXDuo\NX
#        Core\nx_ip_create.o"
#        "D:\GitHub\STM32H743_Azure_MQTT_Client\Nx_MQTT_Client\EWARM\Nx_MQTT_Client\Obj\Middlewares\NetXDuo\Network\NetXDuo\NX
#        Core\nx_ip_deferred_link_status_process.o"
#        "D:\GitHub\STM32H743_Azure_MQTT_Client\Nx_MQTT_Client\EWARM\Nx_MQTT_Client\Obj\Middlewares\NetXDuo\Network\NetXDuo\NX
#        Core\nx_ip_delete.o"
#        "D:\GitHub\STM32H743_Azure_MQTT_Client\Nx_MQTT_Client\EWARM\Nx_MQTT_Client\Obj\Middlewares\NetXDuo\Network\NetXDuo\NX
#        Core\nx_ip_delete_queue_clear.o"
#        "D:\GitHub\STM32H743_Azure_MQTT_Client\Nx_MQTT_Client\EWARM\Nx_MQTT_Client\Obj\Middlewares\NetXDuo\Network\NetXDuo\NX
#        Core\nx_ip_dispatch_process.o"
#        "D:\GitHub\STM32H743_Azure_MQTT_Client\Nx_MQTT_Client\EWARM\Nx_MQTT_Client\Obj\Middlewares\NetXDuo\Network\NetXDuo\NX
#        Core\nx_ip_driver_deferred_enable.o"
#        "D:\GitHub\STM32H743_Azure_MQTT_Client\Nx_MQTT_Client\EWARM\Nx_MQTT_Client\Obj\Middlewares\NetXDuo\Network\NetXDuo\NX
#        Core\nx_ip_driver_deferred_processing.o"
#        "D:\GitHub\STM32H743_Azure_MQTT_Client\Nx_MQTT_Client\EWARM\Nx_MQTT_Client\Obj\Middlewares\NetXDuo\Network\NetXDuo\NX
#        Core\nx_ip_driver_deferred_receive.o"
#        "D:\GitHub\STM32H743_Azure_MQTT_Client\Nx_MQTT_Client\EWARM\Nx_MQTT_Client\Obj\Middlewares\NetXDuo\Network\NetXDuo\NX
#        Core\nx_ip_driver_direct_command.o"
#        "D:\GitHub\STM32H743_Azure_MQTT_Client\Nx_MQTT_Client\EWARM\Nx_MQTT_Client\Obj\Middlewares\NetXDuo\Network\NetXDuo\NX
#        Core\nx_ip_driver_interface_direct_command.o"
#        "D:\GitHub\STM32H743_Azure_MQTT_Client\Nx_MQTT_Client\EWARM\Nx_MQTT_Client\Obj\Middlewares\NetXDuo\Network\NetXDuo\NX
#        Core\nx_ip_driver_link_status_event.o"
#        "D:\GitHub\STM32H743_Azure_MQTT_Client\Nx_MQTT_Client\EWARM\Nx_MQTT_Client\Obj\Middlewares\NetXDuo\Network\NetXDuo\NX
#        Core\nx_ip_driver_packet_send.o"
#        "D:\GitHub\STM32H743_Azure_MQTT_Client\Nx_MQTT_Client\EWARM\Nx_MQTT_Client\Obj\Middlewares\NetXDuo\Network\NetXDuo\NX
#        Core\nx_ip_fast_periodic_timer_entry.o"
#        "D:\GitHub\STM32H743_Azure_MQTT_Client\Nx_MQTT_Client\EWARM\Nx_MQTT_Client\Obj\Middlewares\NetXDuo\Network\NetXDuo\NX
#        Core\nx_ip_forward_packet_process.o"
#        "D:\GitHub\STM32H743_Azure_MQTT_Client\Nx_MQTT_Client\EWARM\Nx_MQTT_Client\Obj\Middlewares\NetXDuo\Network\NetXDuo\NX
#        Core\nx_ip_forwarding_disable.o"
#        "D:\GitHub\STM32H743_Azure_MQTT_Client\Nx_MQTT_Client\EWARM\Nx_MQTT_Client\Obj\Middlewares\NetXDuo\Network\NetXDuo\NX
#        Core\nx_ip_forwarding_enable.o"
#        "D:\GitHub\STM32H743_Azure_MQTT_Client\Nx_MQTT_Client\EWARM\Nx_MQTT_Client\Obj\Middlewares\NetXDuo\Network\NetXDuo\NX
#        Core\nx_ip_fragment_assembly.o"
#        "D:\GitHub\STM32H743_Azure_MQTT_Client\Nx_MQTT_Client\EWARM\Nx_MQTT_Client\Obj\Middlewares\NetXDuo\Network\NetXDuo\NX
#        Core\nx_ip_fragment_disable.o"
#        "D:\GitHub\STM32H743_Azure_MQTT_Client\Nx_MQTT_Client\EWARM\Nx_MQTT_Client\Obj\Middlewares\NetXDuo\Network\NetXDuo\NX
#        Core\nx_ip_fragment_enable.o"
#        "D:\GitHub\STM32H743_Azure_MQTT_Client\Nx_MQTT_Client\EWARM\Nx_MQTT_Client\Obj\Middlewares\NetXDuo\Network\NetXDuo\NX
#        Core\nx_ip_fragment_forward_packet.o"
#        "D:\GitHub\STM32H743_Azure_MQTT_Client\Nx_MQTT_Client\EWARM\Nx_MQTT_Client\Obj\Middlewares\NetXDuo\Network\NetXDuo\NX
#        Core\nx_ip_fragment_packet.o"
#        "D:\GitHub\STM32H743_Azure_MQTT_Client\Nx_MQTT_Client\EWARM\Nx_MQTT_Client\Obj\Middlewares\NetXDuo\Network\NetXDuo\NX
#        Core\nx_ip_fragment_timeout_check.o"
#        "D:\GitHub\STM32H743_Azure_MQTT_Client\Nx_MQTT_Client\EWARM\Nx_MQTT_Client\Obj\Middlewares\NetXDuo\Network\NetXDuo\NX
#        Core\nx_ip_gateway_address_clear.o"
#        "D:\GitHub\STM32H743_Azure_MQTT_Client\Nx_MQTT_Client\EWARM\Nx_MQTT_Client\Obj\Middlewares\NetXDuo\Network\NetXDuo\NX
#        Core\nx_ip_gateway_address_get.o"
#        "D:\GitHub\STM32H743_Azure_MQTT_Client\Nx_MQTT_Client\EWARM\Nx_MQTT_Client\Obj\Middlewares\NetXDuo\Network\NetXDuo\NX
#        Core\nx_ip_gateway_address_set.o"
#        "D:\GitHub\STM32H743_Azure_MQTT_Client\Nx_MQTT_Client\EWARM\Nx_MQTT_Client\Obj\Middlewares\NetXDuo\Network\NetXDuo\NX
#        Core\nx_ip_header_add.o"
#        "D:\GitHub\STM32H743_Azure_MQTT_Client\Nx_MQTT_Client\EWARM\Nx_MQTT_Client\Obj\Middlewares\NetXDuo\Network\NetXDuo\NX
#        Core\nx_ip_info_get.o"
#        "D:\GitHub\STM32H743_Azure_MQTT_Client\Nx_MQTT_Client\EWARM\Nx_MQTT_Client\Obj\Middlewares\NetXDuo\Network\NetXDuo\NX
#        Core\nx_ip_initialize.o"
#        "D:\GitHub\STM32H743_Azure_MQTT_Client\Nx_MQTT_Client\EWARM\Nx_MQTT_Client\Obj\Middlewares\NetXDuo\Network\NetXDuo\NX
#        Core\nx_ip_interface_address_get.o"
#        "D:\GitHub\STM32H743_Azure_MQTT_Client\Nx_MQTT_Client\EWARM\Nx_MQTT_Client\Obj\Middlewares\NetXDuo\Network\NetXDuo\NX
#        Core\nx_ip_interface_address_mapping_configure.o"
#        "D:\GitHub\STM32H743_Azure_MQTT_Client\Nx_MQTT_Client\EWARM\Nx_MQTT_Client\Obj\Middlewares\NetXDuo\Network\NetXDuo\NX
#        Core\nx_ip_interface_address_set.o"
#        "D:\GitHub\STM32H743_Azure_MQTT_Client\Nx_MQTT_Client\EWARM\Nx_MQTT_Client\Obj\Middlewares\NetXDuo\Network\NetXDuo\NX
#        Core\nx_ip_interface_attach.o"
#        "D:\GitHub\STM32H743_Azure_MQTT_Client\Nx_MQTT_Client\EWARM\Nx_MQTT_Client\Obj\Middlewares\NetXDuo\Network\NetXDuo\NX
#        Core\nx_ip_interface_capability_get.o"
#        "D:\GitHub\STM32H743_Azure_MQTT_Client\Nx_MQTT_Client\EWARM\Nx_MQTT_Client\Obj\Middlewares\NetXDuo\Network\NetXDuo\NX
#        Core\nx_ip_interface_capability_set.o"
#        "D:\GitHub\STM32H743_Azure_MQTT_Client\Nx_MQTT_Client\EWARM\Nx_MQTT_Client\Obj\Middlewares\NetXDuo\Network\NetXDuo\NX
#        Core\nx_ip_interface_detach.o"
#        "D:\GitHub\STM32H743_Azure_MQTT_Client\Nx_MQTT_Client\EWARM\Nx_MQTT_Client\Obj\Middlewares\NetXDuo\Network\NetXDuo\NX
#        Core\nx_ip_interface_info_get.o"
#        "D:\GitHub\STM32H743_Azure_MQTT_Client\Nx_MQTT_Client\EWARM\Nx_MQTT_Client\Obj\Middlewares\NetXDuo\Network\NetXDuo\NX
#        Core\nx_ip_interface_mtu_set.o"
#        "D:\GitHub\STM32H743_Azure_MQTT_Client\Nx_MQTT_Client\EWARM\Nx_MQTT_Client\Obj\Middlewares\NetXDuo\Network\NetXDuo\NX
#        Core\nx_ip_interface_physical_address_get.o"
#        "D:\GitHub\STM32H743_Azure_MQTT_Client\Nx_MQTT_Client\EWARM\Nx_MQTT_Client\Obj\Middlewares\NetXDuo\Network\NetXDuo\NX
#        Core\nx_ip_interface_physical_address_set.o"
#        "D:\GitHub\STM32H743_Azure_MQTT_Client\Nx_MQTT_Client\EWARM\Nx_MQTT_Client\Obj\Middlewares\NetXDuo\Network\NetXDuo\NX
#        Core\nx_ip_interface_status_check.o"
#        "D:\GitHub\STM32H743_Azure_MQTT_Client\Nx_MQTT_Client\EWARM\Nx_MQTT_Client\Obj\Middlewares\NetXDuo\Network\NetXDuo\NX
#        Core\nx_ip_link_status_change_notify_set.o"
#        "D:\GitHub\STM32H743_Azure_MQTT_Client\Nx_MQTT_Client\EWARM\Nx_MQTT_Client\Obj\Middlewares\NetXDuo\Network\NetXDuo\NX
#        Core\nx_ip_max_payload_size_find.o"
#        "D:\GitHub\STM32H743_Azure_MQTT_Client\Nx_MQTT_Client\EWARM\Nx_MQTT_Client\Obj\Middlewares\NetXDuo\Network\NetXDuo\NX
#        Core\nx_ip_packet_checksum_compute.o"
#        "D:\GitHub\STM32H743_Azure_MQTT_Client\Nx_MQTT_Client\EWARM\Nx_MQTT_Client\Obj\Middlewares\NetXDuo\Network\NetXDuo\NX
#        Core\nx_ip_packet_deferred_receive.o"
#        "D:\GitHub\STM32H743_Azure_MQTT_Client\Nx_MQTT_Client\EWARM\Nx_MQTT_Client\Obj\Middlewares\NetXDuo\Network\NetXDuo\NX
#        Core\nx_ip_packet_receive.o"
#        "D:\GitHub\STM32H743_Azure_MQTT_Client\Nx_MQTT_Client\EWARM\Nx_MQTT_Client\Obj\Middlewares\NetXDuo\Network\NetXDuo\NX
#        Core\nx_ip_packet_send.o"
#        "D:\GitHub\STM32H743_Azure_MQTT_Client\Nx_MQTT_Client\EWARM\Nx_MQTT_Client\Obj\Middlewares\NetXDuo\Network\NetXDuo\NX
#        Core\nx_ip_periodic_timer_entry.o"
#        "D:\GitHub\STM32H743_Azure_MQTT_Client\Nx_MQTT_Client\EWARM\Nx_MQTT_Client\Obj\Middlewares\NetXDuo\Network\NetXDuo\NX
#        Core\nx_ip_raw_packet_cleanup.o"
#        "D:\GitHub\STM32H743_Azure_MQTT_Client\Nx_MQTT_Client\EWARM\Nx_MQTT_Client\Obj\Middlewares\NetXDuo\Network\NetXDuo\NX
#        Core\nx_ip_raw_packet_disable.o"
#        "D:\GitHub\STM32H743_Azure_MQTT_Client\Nx_MQTT_Client\EWARM\Nx_MQTT_Client\Obj\Middlewares\NetXDuo\Network\NetXDuo\NX
#        Core\nx_ip_raw_packet_enable.o"
#        "D:\GitHub\STM32H743_Azure_MQTT_Client\Nx_MQTT_Client\EWARM\Nx_MQTT_Client\Obj\Middlewares\NetXDuo\Network\NetXDuo\NX
#        Core\nx_ip_raw_packet_filter_set.o"
#        "D:\GitHub\STM32H743_Azure_MQTT_Client\Nx_MQTT_Client\EWARM\Nx_MQTT_Client\Obj\Middlewares\NetXDuo\Network\NetXDuo\NX
#        Core\nx_ip_raw_packet_processing.o"
#        "D:\GitHub\STM32H743_Azure_MQTT_Client\Nx_MQTT_Client\EWARM\Nx_MQTT_Client\Obj\Middlewares\NetXDuo\Network\NetXDuo\NX
#        Core\nx_ip_raw_packet_receive.o"
#        "D:\GitHub\STM32H743_Azure_MQTT_Client\Nx_MQTT_Client\EWARM\Nx_MQTT_Client\Obj\Middlewares\NetXDuo\Network\NetXDuo\NX
#        Core\nx_ip_raw_packet_send.o"
#        "D:\GitHub\STM32H743_Azure_MQTT_Client\Nx_MQTT_Client\EWARM\Nx_MQTT_Client\Obj\Middlewares\NetXDuo\Network\NetXDuo\NX
#        Core\nx_ip_raw_packet_source_send.o"
#        "D:\GitHub\STM32H743_Azure_MQTT_Client\Nx_MQTT_Client\EWARM\Nx_MQTT_Client\Obj\Middlewares\NetXDuo\Network\NetXDuo\NX
#        Core\nx_ip_raw_receive_queue_max_set.o"
#        "D:\GitHub\STM32H743_Azure_MQTT_Client\Nx_MQTT_Client\EWARM\Nx_MQTT_Client\Obj\Middlewares\NetXDuo\Network\NetXDuo\NX
#        Core\nx_ip_route_find.o"
#        "D:\GitHub\STM32H743_Azure_MQTT_Client\Nx_MQTT_Client\EWARM\Nx_MQTT_Client\Obj\Middlewares\NetXDuo\Network\NetXDuo\NX
#        Core\nx_ip_static_route_add.o"
#        "D:\GitHub\STM32H743_Azure_MQTT_Client\Nx_MQTT_Client\EWARM\Nx_MQTT_Client\Obj\Middlewares\NetXDuo\Network\NetXDuo\NX
#        Core\nx_ip_static_route_delete.o"
#        "D:\GitHub\STM32H743_Azure_MQTT_Client\Nx_MQTT_Client\EWARM\Nx_MQTT_Client\Obj\Middlewares\NetXDuo\Network\NetXDuo\NX
#        Core\nx_ip_status_check.o"
#        "D:\GitHub\STM32H743_Azure_MQTT_Client\Nx_MQTT_Client\EWARM\Nx_MQTT_Client\Obj\Middlewares\NetXDuo\Network\NetXDuo\NX
#        Core\nx_ip_thread_entry.o"
#        "D:\GitHub\STM32H743_Azure_MQTT_Client\Nx_MQTT_Client\EWARM\Nx_MQTT_Client\Obj\Middlewares\NetXDuo\Network\NetXDuo\NX
#        Core\nx_ipv4_multicast_interface_join.o"
#        "D:\GitHub\STM32H743_Azure_MQTT_Client\Nx_MQTT_Client\EWARM\Nx_MQTT_Client\Obj\Middlewares\NetXDuo\Network\NetXDuo\NX
#        Core\nx_ipv4_multicast_interface_leave.o"
#        "D:\GitHub\STM32H743_Azure_MQTT_Client\Nx_MQTT_Client\EWARM\Nx_MQTT_Client\Obj\Middlewares\NetXDuo\Network\NetXDuo\NX
#        Core\nx_ipv4_option_process.o"
#        "D:\GitHub\STM32H743_Azure_MQTT_Client\Nx_MQTT_Client\EWARM\Nx_MQTT_Client\Obj\Middlewares\NetXDuo\Network\NetXDuo\NX
#        Core\nx_ipv4_packet_receive.o"
#        "D:\GitHub\STM32H743_Azure_MQTT_Client\Nx_MQTT_Client\EWARM\Nx_MQTT_Client\Obj\Middlewares\NetXDuo\Network\NetXDuo\NX
#        Core\nx_ipv6_fragment_process.o"
#        "D:\GitHub\STM32H743_Azure_MQTT_Client\Nx_MQTT_Client\EWARM\Nx_MQTT_Client\Obj\Middlewares\NetXDuo\Network\NetXDuo\NX
#        Core\nx_ipv6_header_add.o"
#        "D:\GitHub\STM32H743_Azure_MQTT_Client\Nx_MQTT_Client\EWARM\Nx_MQTT_Client\Obj\Middlewares\NetXDuo\Network\NetXDuo\NX
#        Core\nx_ipv6_multicast_join.o"
#        "D:\GitHub\STM32H743_Azure_MQTT_Client\Nx_MQTT_Client\EWARM\Nx_MQTT_Client\Obj\Middlewares\NetXDuo\Network\NetXDuo\NX
#        Core\nx_ipv6_multicast_leave.o"
#        "D:\GitHub\STM32H743_Azure_MQTT_Client\Nx_MQTT_Client\EWARM\Nx_MQTT_Client\Obj\Middlewares\NetXDuo\Network\NetXDuo\NX
#        Core\nx_ipv6_option_error.o"
#        "D:\GitHub\STM32H743_Azure_MQTT_Client\Nx_MQTT_Client\EWARM\Nx_MQTT_Client\Obj\Middlewares\NetXDuo\Network\NetXDuo\NX
#        Core\nx_ipv6_packet_copy.o"
#        "D:\GitHub\STM32H743_Azure_MQTT_Client\Nx_MQTT_Client\EWARM\Nx_MQTT_Client\Obj\Middlewares\NetXDuo\Network\NetXDuo\NX
#        Core\nx_ipv6_packet_receive.o"
#        "D:\GitHub\STM32H743_Azure_MQTT_Client\Nx_MQTT_Client\EWARM\Nx_MQTT_Client\Obj\Middlewares\NetXDuo\Network\NetXDuo\NX
#        Core\nx_ipv6_packet_send.o"
#        "D:\GitHub\STM32H743_Azure_MQTT_Client\Nx_MQTT_Client\EWARM\Nx_MQTT_Client\Obj\Middlewares\NetXDuo\Network\NetXDuo\NX
#        Core\nx_ipv6_prefix_list_add_entry.o"
#        "D:\GitHub\STM32H743_Azure_MQTT_Client\Nx_MQTT_Client\EWARM\Nx_MQTT_Client\Obj\Middlewares\NetXDuo\Network\NetXDuo\NX
#        Core\nx_ipv6_prefix_list_delete.o"
#        "D:\GitHub\STM32H743_Azure_MQTT_Client\Nx_MQTT_Client\EWARM\Nx_MQTT_Client\Obj\Middlewares\NetXDuo\Network\NetXDuo\NX
#        Core\nx_ipv6_prefix_list_delete_entry.o"
#        "D:\GitHub\STM32H743_Azure_MQTT_Client\Nx_MQTT_Client\EWARM\Nx_MQTT_Client\Obj\Middlewares\NetXDuo\Network\NetXDuo\NX
#        Core\nx_ipv6_process_fragment_option.o"
#        "D:\GitHub\STM32H743_Azure_MQTT_Client\Nx_MQTT_Client\EWARM\Nx_MQTT_Client\Obj\Middlewares\NetXDuo\Network\NetXDuo\NX
#        Core\nx_ipv6_process_hop_by_hop_option.o"
#        "D:\GitHub\STM32H743_Azure_MQTT_Client\Nx_MQTT_Client\EWARM\Nx_MQTT_Client\Obj\Middlewares\NetXDuo\Network\NetXDuo\NX
#        Core\nx_ipv6_process_routing_option.o"
#        "D:\GitHub\STM32H743_Azure_MQTT_Client\Nx_MQTT_Client\EWARM\Nx_MQTT_Client\Obj\Middlewares\NetXDuo\Network\NetXDuo\NX
#        Core\nx_ipv6_util.o"
#        "D:\GitHub\STM32H743_Azure_MQTT_Client\Nx_MQTT_Client\EWARM\Nx_MQTT_Client\Obj\Middlewares\NetXDuo\Network\NetXDuo\NX
#        Core\nx_md5.o"
#        "D:\GitHub\STM32H743_Azure_MQTT_Client\Nx_MQTT_Client\EWARM\Nx_MQTT_Client\Obj\Middlewares\NetXDuo\Network\NetXDuo\NX
#        Core\nx_packet_allocate.o"
#        "D:\GitHub\STM32H743_Azure_MQTT_Client\Nx_MQTT_Client\EWARM\Nx_MQTT_Client\Obj\Middlewares\NetXDuo\Network\NetXDuo\NX
#        Core\nx_packet_copy.o"
#        "D:\GitHub\STM32H743_Azure_MQTT_Client\Nx_MQTT_Client\EWARM\Nx_MQTT_Client\Obj\Middlewares\NetXDuo\Network\NetXDuo\NX
#        Core\nx_packet_data_adjust.o"
#        "D:\GitHub\STM32H743_Azure_MQTT_Client\Nx_MQTT_Client\EWARM\Nx_MQTT_Client\Obj\Middlewares\NetXDuo\Network\NetXDuo\NX
#        Core\nx_packet_data_append.o"
#        "D:\GitHub\STM32H743_Azure_MQTT_Client\Nx_MQTT_Client\EWARM\Nx_MQTT_Client\Obj\Middlewares\NetXDuo\Network\NetXDuo\NX
#        Core\nx_packet_data_extract_offset.o"
#        "D:\GitHub\STM32H743_Azure_MQTT_Client\Nx_MQTT_Client\EWARM\Nx_MQTT_Client\Obj\Middlewares\NetXDuo\Network\NetXDuo\NX
#        Core\nx_packet_data_retrieve.o"
#        "D:\GitHub\STM32H743_Azure_MQTT_Client\Nx_MQTT_Client\EWARM\Nx_MQTT_Client\Obj\Middlewares\NetXDuo\Network\NetXDuo\NX
#        Core\nx_packet_debug_info_get.o"
#        "D:\GitHub\STM32H743_Azure_MQTT_Client\Nx_MQTT_Client\EWARM\Nx_MQTT_Client\Obj\Middlewares\NetXDuo\Network\NetXDuo\NX
#        Core\nx_packet_length_get.o"
#        "D:\GitHub\STM32H743_Azure_MQTT_Client\Nx_MQTT_Client\EWARM\Nx_MQTT_Client\Obj\Middlewares\NetXDuo\Network\NetXDuo\NX
#        Core\nx_packet_pool_cleanup.o"
#        "D:\GitHub\STM32H743_Azure_MQTT_Client\Nx_MQTT_Client\EWARM\Nx_MQTT_Client\Obj\Middlewares\NetXDuo\Network\NetXDuo\NX
#        Core\nx_packet_pool_create.o"
#        "D:\GitHub\STM32H743_Azure_MQTT_Client\Nx_MQTT_Client\EWARM\Nx_MQTT_Client\Obj\Middlewares\NetXDuo\Network\NetXDuo\NX
#        Core\nx_packet_pool_delete.o"
#        "D:\GitHub\STM32H743_Azure_MQTT_Client\Nx_MQTT_Client\EWARM\Nx_MQTT_Client\Obj\Middlewares\NetXDuo\Network\NetXDuo\NX
#        Core\nx_packet_pool_info_get.o"
#        "D:\GitHub\STM32H743_Azure_MQTT_Client\Nx_MQTT_Client\EWARM\Nx_MQTT_Client\Obj\Middlewares\NetXDuo\Network\NetXDuo\NX
#        Core\nx_packet_pool_initialize.o"
#        "D:\GitHub\STM32H743_Azure_MQTT_Client\Nx_MQTT_Client\EWARM\Nx_MQTT_Client\Obj\Middlewares\NetXDuo\Network\NetXDuo\NX
#        Core\nx_packet_pool_low_watermark_set.o"
#        "D:\GitHub\STM32H743_Azure_MQTT_Client\Nx_MQTT_Client\EWARM\Nx_MQTT_Client\Obj\Middlewares\NetXDuo\Network\NetXDuo\NX
#        Core\nx_packet_release.o"
#        "D:\GitHub\STM32H743_Azure_MQTT_Client\Nx_MQTT_Client\EWARM\Nx_MQTT_Client\Obj\Middlewares\NetXDuo\Network\NetXDuo\NX
#        Core\nx_packet_transmit_release.o"
#        "D:\GitHub\STM32H743_Azure_MQTT_Client\Nx_MQTT_Client\EWARM\Nx_MQTT_Client\Obj\Middlewares\NetXDuo\Network\NetXDuo\NX
#        Core\nx_ram_network_driver.o"
#        "D:\GitHub\STM32H743_Azure_MQTT_Client\Nx_MQTT_Client\EWARM\Nx_MQTT_Client\Obj\Middlewares\NetXDuo\Network\NetXDuo\NX
#        Core\nx_rarp_disable.o"
#        "D:\GitHub\STM32H743_Azure_MQTT_Client\Nx_MQTT_Client\EWARM\Nx_MQTT_Client\Obj\Middlewares\NetXDuo\Network\NetXDuo\NX
#        Core\nx_rarp_enable.o"
#        "D:\GitHub\STM32H743_Azure_MQTT_Client\Nx_MQTT_Client\EWARM\Nx_MQTT_Client\Obj\Middlewares\NetXDuo\Network\NetXDuo\NX
#        Core\nx_rarp_info_get.o"
#        "D:\GitHub\STM32H743_Azure_MQTT_Client\Nx_MQTT_Client\EWARM\Nx_MQTT_Client\Obj\Middlewares\NetXDuo\Network\NetXDuo\NX
#        Core\nx_rarp_packet_deferred_receive.o"
#        "D:\GitHub\STM32H743_Azure_MQTT_Client\Nx_MQTT_Client\EWARM\Nx_MQTT_Client\Obj\Middlewares\NetXDuo\Network\NetXDuo\NX
#        Core\nx_rarp_packet_receive.o"
#        "D:\GitHub\STM32H743_Azure_MQTT_Client\Nx_MQTT_Client\EWARM\Nx_MQTT_Client\Obj\Middlewares\NetXDuo\Network\NetXDuo\NX
#        Core\nx_rarp_packet_send.o"
#        "D:\GitHub\STM32H743_Azure_MQTT_Client\Nx_MQTT_Client\EWARM\Nx_MQTT_Client\Obj\Middlewares\NetXDuo\Network\NetXDuo\NX
#        Core\nx_rarp_periodic_update.o"
#        "D:\GitHub\STM32H743_Azure_MQTT_Client\Nx_MQTT_Client\EWARM\Nx_MQTT_Client\Obj\Middlewares\NetXDuo\Network\NetXDuo\NX
#        Core\nx_rarp_queue_process.o"
#        D:\GitHub\STM32H743_Azure_MQTT_Client\Nx_MQTT_Client\EWARM\Nx_MQTT_Client\Obj\Middlewares\NetXDuo\Network\NetXDuo\TLS\nx_secure_dtls_allocate_handshake_packet.o
#        D:\GitHub\STM32H743_Azure_MQTT_Client\Nx_MQTT_Client\EWARM\Nx_MQTT_Client\Obj\Middlewares\NetXDuo\Network\NetXDuo\TLS\nx_secure_dtls_client_handshake.o
#        D:\GitHub\STM32H743_Azure_MQTT_Client\Nx_MQTT_Client\EWARM\Nx_MQTT_Client\Obj\Middlewares\NetXDuo\Network\NetXDuo\TLS\nx_secure_dtls_client_protocol_version_override.o
#        D:\GitHub\STM32H743_Azure_MQTT_Client\Nx_MQTT_Client\EWARM\Nx_MQTT_Client\Obj\Middlewares\NetXDuo\Network\NetXDuo\TLS\nx_secure_dtls_client_session_start.o
#        D:\GitHub\STM32H743_Azure_MQTT_Client\Nx_MQTT_Client\EWARM\Nx_MQTT_Client\Obj\Middlewares\NetXDuo\Network\NetXDuo\TLS\nx_secure_dtls_ecc_initialize.o
#        D:\GitHub\STM32H743_Azure_MQTT_Client\Nx_MQTT_Client\EWARM\Nx_MQTT_Client\Obj\Middlewares\NetXDuo\Network\NetXDuo\TLS\nx_secure_dtls_hash_record.o
#        D:\GitHub\STM32H743_Azure_MQTT_Client\Nx_MQTT_Client\EWARM\Nx_MQTT_Client\Obj\Middlewares\NetXDuo\Network\NetXDuo\TLS\nx_secure_dtls_initialize.o
#        D:\GitHub\STM32H743_Azure_MQTT_Client\Nx_MQTT_Client\EWARM\Nx_MQTT_Client\Obj\Middlewares\NetXDuo\Network\NetXDuo\TLS\nx_secure_dtls_packet_allocate.o
#        D:\GitHub\STM32H743_Azure_MQTT_Client\Nx_MQTT_Client\EWARM\Nx_MQTT_Client\Obj\Middlewares\NetXDuo\Network\NetXDuo\TLS\nx_secure_dtls_process_clienthello.o
#        D:\GitHub\STM32H743_Azure_MQTT_Client\Nx_MQTT_Client\EWARM\Nx_MQTT_Client\Obj\Middlewares\NetXDuo\Network\NetXDuo\TLS\nx_secure_dtls_process_handshake_header.o
#        D:\GitHub\STM32H743_Azure_MQTT_Client\Nx_MQTT_Client\EWARM\Nx_MQTT_Client\Obj\Middlewares\NetXDuo\Network\NetXDuo\TLS\nx_secure_dtls_process_header.o
#        D:\GitHub\STM32H743_Azure_MQTT_Client\Nx_MQTT_Client\EWARM\Nx_MQTT_Client\Obj\Middlewares\NetXDuo\Network\NetXDuo\TLS\nx_secure_dtls_process_helloverifyrequest.o
#        D:\GitHub\STM32H743_Azure_MQTT_Client\Nx_MQTT_Client\EWARM\Nx_MQTT_Client\Obj\Middlewares\NetXDuo\Network\NetXDuo\TLS\nx_secure_dtls_process_record.o
#        D:\GitHub\STM32H743_Azure_MQTT_Client\Nx_MQTT_Client\EWARM\Nx_MQTT_Client\Obj\Middlewares\NetXDuo\Network\NetXDuo\TLS\nx_secure_dtls_psk_add.o
#        D:\GitHub\STM32H743_Azure_MQTT_Client\Nx_MQTT_Client\EWARM\Nx_MQTT_Client\Obj\Middlewares\NetXDuo\Network\NetXDuo\TLS\nx_secure_dtls_receive_callback.o
#        D:\GitHub\STM32H743_Azure_MQTT_Client\Nx_MQTT_Client\EWARM\Nx_MQTT_Client\Obj\Middlewares\NetXDuo\Network\NetXDuo\TLS\nx_secure_dtls_retransmit.o
#        D:\GitHub\STM32H743_Azure_MQTT_Client\Nx_MQTT_Client\EWARM\Nx_MQTT_Client\Obj\Middlewares\NetXDuo\Network\NetXDuo\TLS\nx_secure_dtls_retransmit_queue_flush.o
#        D:\GitHub\STM32H743_Azure_MQTT_Client\Nx_MQTT_Client\EWARM\Nx_MQTT_Client\Obj\Middlewares\NetXDuo\Network\NetXDuo\TLS\nx_secure_dtls_send_clienthello.o
#        D:\GitHub\STM32H743_Azure_MQTT_Client\Nx_MQTT_Client\EWARM\Nx_MQTT_Client\Obj\Middlewares\NetXDuo\Network\NetXDuo\TLS\nx_secure_dtls_send_handshake_record.o
#        D:\GitHub\STM32H743_Azure_MQTT_Client\Nx_MQTT_Client\EWARM\Nx_MQTT_Client\Obj\Middlewares\NetXDuo\Network\NetXDuo\TLS\nx_secure_dtls_send_helloverifyrequest.o
#        D:\GitHub\STM32H743_Azure_MQTT_Client\Nx_MQTT_Client\EWARM\Nx_MQTT_Client\Obj\Middlewares\NetXDuo\Network\NetXDuo\TLS\nx_secure_dtls_send_record.o
#        D:\GitHub\STM32H743_Azure_MQTT_Client\Nx_MQTT_Client\EWARM\Nx_MQTT_Client\Obj\Middlewares\NetXDuo\Network\NetXDuo\TLS\nx_secure_dtls_send_serverhello.o
#        D:\GitHub\STM32H743_Azure_MQTT_Client\Nx_MQTT_Client\EWARM\Nx_MQTT_Client\Obj\Middlewares\NetXDuo\Network\NetXDuo\TLS\nx_secure_dtls_server_create.o
#        D:\GitHub\STM32H743_Azure_MQTT_Client\Nx_MQTT_Client\EWARM\Nx_MQTT_Client\Obj\Middlewares\NetXDuo\Network\NetXDuo\TLS\nx_secure_dtls_server_delete.o
#        D:\GitHub\STM32H743_Azure_MQTT_Client\Nx_MQTT_Client\EWARM\Nx_MQTT_Client\Obj\Middlewares\NetXDuo\Network\NetXDuo\TLS\nx_secure_dtls_server_ecc_initialize.o
#        D:\GitHub\STM32H743_Azure_MQTT_Client\Nx_MQTT_Client\EWARM\Nx_MQTT_Client\Obj\Middlewares\NetXDuo\Network\NetXDuo\TLS\nx_secure_dtls_server_handshake.o
#        D:\GitHub\STM32H743_Azure_MQTT_Client\Nx_MQTT_Client\EWARM\Nx_MQTT_Client\Obj\Middlewares\NetXDuo\Network\NetXDuo\TLS\nx_secure_dtls_server_local_certificate_add.o
#        D:\GitHub\STM32H743_Azure_MQTT_Client\Nx_MQTT_Client\EWARM\Nx_MQTT_Client\Obj\Middlewares\NetXDuo\Network\NetXDuo\TLS\nx_secure_dtls_server_local_certificate_remove.o
#        D:\GitHub\STM32H743_Azure_MQTT_Client\Nx_MQTT_Client\EWARM\Nx_MQTT_Client\Obj\Middlewares\NetXDuo\Network\NetXDuo\TLS\nx_secure_dtls_server_notify_set.o
#        D:\GitHub\STM32H743_Azure_MQTT_Client\Nx_MQTT_Client\EWARM\Nx_MQTT_Client\Obj\Middlewares\NetXDuo\Network\NetXDuo\TLS\nx_secure_dtls_server_protocol_version_override.o
#        D:\GitHub\STM32H743_Azure_MQTT_Client\Nx_MQTT_Client\EWARM\Nx_MQTT_Client\Obj\Middlewares\NetXDuo\Network\NetXDuo\TLS\nx_secure_dtls_server_psk_add.o
#        D:\GitHub\STM32H743_Azure_MQTT_Client\Nx_MQTT_Client\EWARM\Nx_MQTT_Client\Obj\Middlewares\NetXDuo\Network\NetXDuo\TLS\nx_secure_dtls_server_session_send.o
#        D:\GitHub\STM32H743_Azure_MQTT_Client\Nx_MQTT_Client\EWARM\Nx_MQTT_Client\Obj\Middlewares\NetXDuo\Network\NetXDuo\TLS\nx_secure_dtls_server_session_start.o
#        D:\GitHub\STM32H743_Azure_MQTT_Client\Nx_MQTT_Client\EWARM\Nx_MQTT_Client\Obj\Middlewares\NetXDuo\Network\NetXDuo\TLS\nx_secure_dtls_server_start.o
#        D:\GitHub\STM32H743_Azure_MQTT_Client\Nx_MQTT_Client\EWARM\Nx_MQTT_Client\Obj\Middlewares\NetXDuo\Network\NetXDuo\TLS\nx_secure_dtls_server_stop.o
#        D:\GitHub\STM32H743_Azure_MQTT_Client\Nx_MQTT_Client\EWARM\Nx_MQTT_Client\Obj\Middlewares\NetXDuo\Network\NetXDuo\TLS\nx_secure_dtls_server_trusted_certificate_add.o
#        D:\GitHub\STM32H743_Azure_MQTT_Client\Nx_MQTT_Client\EWARM\Nx_MQTT_Client\Obj\Middlewares\NetXDuo\Network\NetXDuo\TLS\nx_secure_dtls_server_trusted_certificate_remove.o
#        D:\GitHub\STM32H743_Azure_MQTT_Client\Nx_MQTT_Client\EWARM\Nx_MQTT_Client\Obj\Middlewares\NetXDuo\Network\NetXDuo\TLS\nx_secure_dtls_server_x509_client_verify_configure.o
#        D:\GitHub\STM32H743_Azure_MQTT_Client\Nx_MQTT_Client\EWARM\Nx_MQTT_Client\Obj\Middlewares\NetXDuo\Network\NetXDuo\TLS\nx_secure_dtls_server_x509_client_verify_disable.o
#        D:\GitHub\STM32H743_Azure_MQTT_Client\Nx_MQTT_Client\EWARM\Nx_MQTT_Client\Obj\Middlewares\NetXDuo\Network\NetXDuo\TLS\nx_secure_dtls_session_cache.o
#        D:\GitHub\STM32H743_Azure_MQTT_Client\Nx_MQTT_Client\EWARM\Nx_MQTT_Client\Obj\Middlewares\NetXDuo\Network\NetXDuo\TLS\nx_secure_dtls_session_client_info_get.o
#        D:\GitHub\STM32H743_Azure_MQTT_Client\Nx_MQTT_Client\EWARM\Nx_MQTT_Client\Obj\Middlewares\NetXDuo\Network\NetXDuo\TLS\nx_secure_dtls_session_create.o
#        D:\GitHub\STM32H743_Azure_MQTT_Client\Nx_MQTT_Client\EWARM\Nx_MQTT_Client\Obj\Middlewares\NetXDuo\Network\NetXDuo\TLS\nx_secure_dtls_session_delete.o
#        D:\GitHub\STM32H743_Azure_MQTT_Client\Nx_MQTT_Client\EWARM\Nx_MQTT_Client\Obj\Middlewares\NetXDuo\Network\NetXDuo\TLS\nx_secure_dtls_session_end.o
#        D:\GitHub\STM32H743_Azure_MQTT_Client\Nx_MQTT_Client\EWARM\Nx_MQTT_Client\Obj\Middlewares\NetXDuo\Network\NetXDuo\TLS\nx_secure_dtls_session_local_certificate_add.o
#        D:\GitHub\STM32H743_Azure_MQTT_Client\Nx_MQTT_Client\EWARM\Nx_MQTT_Client\Obj\Middlewares\NetXDuo\Network\NetXDuo\TLS\nx_secure_dtls_session_local_certificate_remove.o
#        D:\GitHub\STM32H743_Azure_MQTT_Client\Nx_MQTT_Client\EWARM\Nx_MQTT_Client\Obj\Middlewares\NetXDuo\Network\NetXDuo\TLS\nx_secure_dtls_session_receive.o
#        D:\GitHub\STM32H743_Azure_MQTT_Client\Nx_MQTT_Client\EWARM\Nx_MQTT_Client\Obj\Middlewares\NetXDuo\Network\NetXDuo\TLS\nx_secure_dtls_session_reset.o
#        D:\GitHub\STM32H743_Azure_MQTT_Client\Nx_MQTT_Client\EWARM\Nx_MQTT_Client\Obj\Middlewares\NetXDuo\Network\NetXDuo\TLS\nx_secure_dtls_session_send.o
#        D:\GitHub\STM32H743_Azure_MQTT_Client\Nx_MQTT_Client\EWARM\Nx_MQTT_Client\Obj\Middlewares\NetXDuo\Network\NetXDuo\TLS\nx_secure_dtls_session_start.o
#        D:\GitHub\STM32H743_Azure_MQTT_Client\Nx_MQTT_Client\EWARM\Nx_MQTT_Client\Obj\Middlewares\NetXDuo\Network\NetXDuo\TLS\nx_secure_dtls_session_trusted_certificate_add.o
#        D:\GitHub\STM32H743_Azure_MQTT_Client\Nx_MQTT_Client\EWARM\Nx_MQTT_Client\Obj\Middlewares\NetXDuo\Network\NetXDuo\TLS\nx_secure_dtls_session_trusted_certificate_remove.o
#        D:\GitHub\STM32H743_Azure_MQTT_Client\Nx_MQTT_Client\EWARM\Nx_MQTT_Client\Obj\Middlewares\NetXDuo\Network\NetXDuo\TLS\nx_secure_dtls_verify_mac.o
#        D:\GitHub\STM32H743_Azure_MQTT_Client\Nx_MQTT_Client\EWARM\Nx_MQTT_Client\Obj\Middlewares\NetXDuo\Network\NetXDuo\TLS\nx_secure_module_hash_compute.o
#        D:\GitHub\STM32H743_Azure_MQTT_Client\Nx_MQTT_Client\EWARM\Nx_MQTT_Client\Obj\Middlewares\NetXDuo\Network\NetXDuo\TLS\nx_secure_tls_1_3_client_handshake.o
#        D:\GitHub\STM32H743_Azure_MQTT_Client\Nx_MQTT_Client\EWARM\Nx_MQTT_Client\Obj\Middlewares\NetXDuo\Network\NetXDuo\TLS\nx_secure_tls_1_3_crypto_init.o
#        D:\GitHub\STM32H743_Azure_MQTT_Client\Nx_MQTT_Client\EWARM\Nx_MQTT_Client\Obj\Middlewares\NetXDuo\Network\NetXDuo\TLS\nx_secure_tls_1_3_finished_hash_generate.o
#        D:\GitHub\STM32H743_Azure_MQTT_Client\Nx_MQTT_Client\EWARM\Nx_MQTT_Client\Obj\Middlewares\NetXDuo\Network\NetXDuo\TLS\nx_secure_tls_1_3_generate_keys.o
#        D:\GitHub\STM32H743_Azure_MQTT_Client\Nx_MQTT_Client\EWARM\Nx_MQTT_Client\Obj\Middlewares\NetXDuo\Network\NetXDuo\TLS\nx_secure_tls_1_3_server_handshake.o
#        D:\GitHub\STM32H743_Azure_MQTT_Client\Nx_MQTT_Client\EWARM\Nx_MQTT_Client\Obj\Middlewares\NetXDuo\Network\NetXDuo\TLS\nx_secure_tls_1_3_session_keys_set.o
#        D:\GitHub\STM32H743_Azure_MQTT_Client\Nx_MQTT_Client\EWARM\Nx_MQTT_Client\Obj\Middlewares\NetXDuo\Network\NetXDuo\TLS\nx_secure_tls_1_3_transcript_hash_save.o
#        D:\GitHub\STM32H743_Azure_MQTT_Client\Nx_MQTT_Client\EWARM\Nx_MQTT_Client\Obj\Middlewares\NetXDuo\Network\NetXDuo\TLS\nx_secure_tls_active_certificate_set.o
#        D:\GitHub\STM32H743_Azure_MQTT_Client\Nx_MQTT_Client\EWARM\Nx_MQTT_Client\Obj\Middlewares\NetXDuo\Network\NetXDuo\TLS\nx_secure_tls_allocate_handshake_packet.o
#        D:\GitHub\STM32H743_Azure_MQTT_Client\Nx_MQTT_Client\EWARM\Nx_MQTT_Client\Obj\Middlewares\NetXDuo\Network\NetXDuo\TLS\nx_secure_tls_check_protocol_version.o
#        D:\GitHub\STM32H743_Azure_MQTT_Client\Nx_MQTT_Client\EWARM\Nx_MQTT_Client\Obj\Middlewares\NetXDuo\Network\NetXDuo\TLS\nx_secure_tls_ciphersuite_lookup.o
#        D:\GitHub\STM32H743_Azure_MQTT_Client\Nx_MQTT_Client\EWARM\Nx_MQTT_Client\Obj\Middlewares\NetXDuo\Network\NetXDuo\TLS\nx_secure_tls_client_handshake.o
#        D:\GitHub\STM32H743_Azure_MQTT_Client\Nx_MQTT_Client\EWARM\Nx_MQTT_Client\Obj\Middlewares\NetXDuo\Network\NetXDuo\TLS\nx_secure_tls_client_psk_set.o
#        D:\GitHub\STM32H743_Azure_MQTT_Client\Nx_MQTT_Client\EWARM\Nx_MQTT_Client\Obj\Middlewares\NetXDuo\Network\NetXDuo\TLS\nx_secure_tls_ecc_generate_keys.o
#        D:\GitHub\STM32H743_Azure_MQTT_Client\Nx_MQTT_Client\EWARM\Nx_MQTT_Client\Obj\Middlewares\NetXDuo\Network\NetXDuo\TLS\nx_secure_tls_ecc_initialize.o
#        D:\GitHub\STM32H743_Azure_MQTT_Client\Nx_MQTT_Client\EWARM\Nx_MQTT_Client\Obj\Middlewares\NetXDuo\Network\NetXDuo\TLS\nx_secure_tls_find_curve_method.o
#        D:\GitHub\STM32H743_Azure_MQTT_Client\Nx_MQTT_Client\EWARM\Nx_MQTT_Client\Obj\Middlewares\NetXDuo\Network\NetXDuo\TLS\nx_secure_tls_finished_hash_generate.o
#        D:\GitHub\STM32H743_Azure_MQTT_Client\Nx_MQTT_Client\EWARM\Nx_MQTT_Client\Obj\Middlewares\NetXDuo\Network\NetXDuo\TLS\nx_secure_tls_generate_keys.o
#        D:\GitHub\STM32H743_Azure_MQTT_Client\Nx_MQTT_Client\EWARM\Nx_MQTT_Client\Obj\Middlewares\NetXDuo\Network\NetXDuo\TLS\nx_secure_tls_generate_premaster_secret.o
#        D:\GitHub\STM32H743_Azure_MQTT_Client\Nx_MQTT_Client\EWARM\Nx_MQTT_Client\Obj\Middlewares\NetXDuo\Network\NetXDuo\TLS\nx_secure_tls_handshake_hash_init.o
#        D:\GitHub\STM32H743_Azure_MQTT_Client\Nx_MQTT_Client\EWARM\Nx_MQTT_Client\Obj\Middlewares\NetXDuo\Network\NetXDuo\TLS\nx_secure_tls_handshake_hash_update.o
#        D:\GitHub\STM32H743_Azure_MQTT_Client\Nx_MQTT_Client\EWARM\Nx_MQTT_Client\Obj\Middlewares\NetXDuo\Network\NetXDuo\TLS\nx_secure_tls_handshake_process.o
#        D:\GitHub\STM32H743_Azure_MQTT_Client\Nx_MQTT_Client\EWARM\Nx_MQTT_Client\Obj\Middlewares\NetXDuo\Network\NetXDuo\TLS\nx_secure_tls_hash_record.o
#        D:\GitHub\STM32H743_Azure_MQTT_Client\Nx_MQTT_Client\EWARM\Nx_MQTT_Client\Obj\Middlewares\NetXDuo\Network\NetXDuo\TLS\nx_secure_tls_initialize.o
#        D:\GitHub\STM32H743_Azure_MQTT_Client\Nx_MQTT_Client\EWARM\Nx_MQTT_Client\Obj\Middlewares\NetXDuo\Network\NetXDuo\TLS\nx_secure_tls_key_material_init.o
#        D:\GitHub\STM32H743_Azure_MQTT_Client\Nx_MQTT_Client\EWARM\Nx_MQTT_Client\Obj\Middlewares\NetXDuo\Network\NetXDuo\TLS\nx_secure_tls_local_certificate_add.o
#        D:\GitHub\STM32H743_Azure_MQTT_Client\Nx_MQTT_Client\EWARM\Nx_MQTT_Client\Obj\Middlewares\NetXDuo\Network\NetXDuo\TLS\nx_secure_tls_local_certificate_find.o
#        D:\GitHub\STM32H743_Azure_MQTT_Client\Nx_MQTT_Client\EWARM\Nx_MQTT_Client\Obj\Middlewares\NetXDuo\Network\NetXDuo\TLS\nx_secure_tls_local_certificate_remove.o
#        D:\GitHub\STM32H743_Azure_MQTT_Client\Nx_MQTT_Client\EWARM\Nx_MQTT_Client\Obj\Middlewares\NetXDuo\Network\NetXDuo\TLS\nx_secure_tls_map_error_to_alert.o
#        D:\GitHub\STM32H743_Azure_MQTT_Client\Nx_MQTT_Client\EWARM\Nx_MQTT_Client\Obj\Middlewares\NetXDuo\Network\NetXDuo\TLS\nx_secure_tls_metadata_size_calculate.o
#        D:\GitHub\STM32H743_Azure_MQTT_Client\Nx_MQTT_Client\EWARM\Nx_MQTT_Client\Obj\Middlewares\NetXDuo\Network\NetXDuo\TLS\nx_secure_tls_newest_supported_version.o
#        D:\GitHub\STM32H743_Azure_MQTT_Client\Nx_MQTT_Client\EWARM\Nx_MQTT_Client\Obj\Middlewares\NetXDuo\Network\NetXDuo\TLS\nx_secure_tls_packet_allocate.o
#        D:\GitHub\STM32H743_Azure_MQTT_Client\Nx_MQTT_Client\EWARM\Nx_MQTT_Client\Obj\Middlewares\NetXDuo\Network\NetXDuo\TLS\nx_secure_tls_packet_release.o
#        D:\GitHub\STM32H743_Azure_MQTT_Client\Nx_MQTT_Client\EWARM\Nx_MQTT_Client\Obj\Middlewares\NetXDuo\Network\NetXDuo\TLS\nx_secure_tls_process_certificate_request.o
#        D:\GitHub\STM32H743_Azure_MQTT_Client\Nx_MQTT_Client\EWARM\Nx_MQTT_Client\Obj\Middlewares\NetXDuo\Network\NetXDuo\TLS\nx_secure_tls_process_certificate_verify.o
#        D:\GitHub\STM32H743_Azure_MQTT_Client\Nx_MQTT_Client\EWARM\Nx_MQTT_Client\Obj\Middlewares\NetXDuo\Network\NetXDuo\TLS\nx_secure_tls_process_changecipherspec.o
#        D:\GitHub\STM32H743_Azure_MQTT_Client\Nx_MQTT_Client\EWARM\Nx_MQTT_Client\Obj\Middlewares\NetXDuo\Network\NetXDuo\TLS\nx_secure_tls_process_client_key_exchange.o
#        D:\GitHub\STM32H743_Azure_MQTT_Client\Nx_MQTT_Client\EWARM\Nx_MQTT_Client\Obj\Middlewares\NetXDuo\Network\NetXDuo\TLS\nx_secure_tls_process_clienthello.o
#        D:\GitHub\STM32H743_Azure_MQTT_Client\Nx_MQTT_Client\EWARM\Nx_MQTT_Client\Obj\Middlewares\NetXDuo\Network\NetXDuo\TLS\nx_secure_tls_process_clienthello_extensions.o
#        D:\GitHub\STM32H743_Azure_MQTT_Client\Nx_MQTT_Client\EWARM\Nx_MQTT_Client\Obj\Middlewares\NetXDuo\Network\NetXDuo\TLS\nx_secure_tls_process_encrypted_extensions.o
#        D:\GitHub\STM32H743_Azure_MQTT_Client\Nx_MQTT_Client\EWARM\Nx_MQTT_Client\Obj\Middlewares\NetXDuo\Network\NetXDuo\TLS\nx_secure_tls_process_finished.o
#        D:\GitHub\STM32H743_Azure_MQTT_Client\Nx_MQTT_Client\EWARM\Nx_MQTT_Client\Obj\Middlewares\NetXDuo\Network\NetXDuo\TLS\nx_secure_tls_process_handshake_header.o
#        D:\GitHub\STM32H743_Azure_MQTT_Client\Nx_MQTT_Client\EWARM\Nx_MQTT_Client\Obj\Middlewares\NetXDuo\Network\NetXDuo\TLS\nx_secure_tls_process_header.o
#        D:\GitHub\STM32H743_Azure_MQTT_Client\Nx_MQTT_Client\EWARM\Nx_MQTT_Client\Obj\Middlewares\NetXDuo\Network\NetXDuo\TLS\nx_secure_tls_process_newsessionticket.o
#        D:\GitHub\STM32H743_Azure_MQTT_Client\Nx_MQTT_Client\EWARM\Nx_MQTT_Client\Obj\Middlewares\NetXDuo\Network\NetXDuo\TLS\nx_secure_tls_process_record.o
#        D:\GitHub\STM32H743_Azure_MQTT_Client\Nx_MQTT_Client\EWARM\Nx_MQTT_Client\Obj\Middlewares\NetXDuo\Network\NetXDuo\TLS\nx_secure_tls_process_remote_certificate.o
#        D:\GitHub\STM32H743_Azure_MQTT_Client\Nx_MQTT_Client\EWARM\Nx_MQTT_Client\Obj\Middlewares\NetXDuo\Network\NetXDuo\TLS\nx_secure_tls_process_server_key_exchange.o
#        D:\GitHub\STM32H743_Azure_MQTT_Client\Nx_MQTT_Client\EWARM\Nx_MQTT_Client\Obj\Middlewares\NetXDuo\Network\NetXDuo\TLS\nx_secure_tls_process_serverhello.o
#        D:\GitHub\STM32H743_Azure_MQTT_Client\Nx_MQTT_Client\EWARM\Nx_MQTT_Client\Obj\Middlewares\NetXDuo\Network\NetXDuo\TLS\nx_secure_tls_process_serverhello_extensions.o
#        D:\GitHub\STM32H743_Azure_MQTT_Client\Nx_MQTT_Client\EWARM\Nx_MQTT_Client\Obj\Middlewares\NetXDuo\Network\NetXDuo\TLS\nx_secure_tls_protocol_version_get.o
#        D:\GitHub\STM32H743_Azure_MQTT_Client\Nx_MQTT_Client\EWARM\Nx_MQTT_Client\Obj\Middlewares\NetXDuo\Network\NetXDuo\TLS\nx_secure_tls_psk_add.o
#        D:\GitHub\STM32H743_Azure_MQTT_Client\Nx_MQTT_Client\EWARM\Nx_MQTT_Client\Obj\Middlewares\NetXDuo\Network\NetXDuo\TLS\nx_secure_tls_psk_binder_generate.o
#        D:\GitHub\STM32H743_Azure_MQTT_Client\Nx_MQTT_Client\EWARM\Nx_MQTT_Client\Obj\Middlewares\NetXDuo\Network\NetXDuo\TLS\nx_secure_tls_psk_find.o
#        D:\GitHub\STM32H743_Azure_MQTT_Client\Nx_MQTT_Client\EWARM\Nx_MQTT_Client\Obj\Middlewares\NetXDuo\Network\NetXDuo\TLS\nx_secure_tls_psk_identity_find.o
#        D:\GitHub\STM32H743_Azure_MQTT_Client\Nx_MQTT_Client\EWARM\Nx_MQTT_Client\Obj\Middlewares\NetXDuo\Network\NetXDuo\TLS\nx_secure_tls_record_hash_calculate.o
#        D:\GitHub\STM32H743_Azure_MQTT_Client\Nx_MQTT_Client\EWARM\Nx_MQTT_Client\Obj\Middlewares\NetXDuo\Network\NetXDuo\TLS\nx_secure_tls_record_hash_initialize.o
#        D:\GitHub\STM32H743_Azure_MQTT_Client\Nx_MQTT_Client\EWARM\Nx_MQTT_Client\Obj\Middlewares\NetXDuo\Network\NetXDuo\TLS\nx_secure_tls_record_hash_update.o
#        D:\GitHub\STM32H743_Azure_MQTT_Client\Nx_MQTT_Client\EWARM\Nx_MQTT_Client\Obj\Middlewares\NetXDuo\Network\NetXDuo\TLS\nx_secure_tls_record_payload_decrypt.o
#        D:\GitHub\STM32H743_Azure_MQTT_Client\Nx_MQTT_Client\EWARM\Nx_MQTT_Client\Obj\Middlewares\NetXDuo\Network\NetXDuo\TLS\nx_secure_tls_record_payload_encrypt.o
#        D:\GitHub\STM32H743_Azure_MQTT_Client\Nx_MQTT_Client\EWARM\Nx_MQTT_Client\Obj\Middlewares\NetXDuo\Network\NetXDuo\TLS\nx_secure_tls_remote_certificate_allocate.o
#        D:\GitHub\STM32H743_Azure_MQTT_Client\Nx_MQTT_Client\EWARM\Nx_MQTT_Client\Obj\Middlewares\NetXDuo\Network\NetXDuo\TLS\nx_secure_tls_remote_certificate_buffer_allocate.o
#        D:\GitHub\STM32H743_Azure_MQTT_Client\Nx_MQTT_Client\EWARM\Nx_MQTT_Client\Obj\Middlewares\NetXDuo\Network\NetXDuo\TLS\nx_secure_tls_remote_certificate_free.o
#        D:\GitHub\STM32H743_Azure_MQTT_Client\Nx_MQTT_Client\EWARM\Nx_MQTT_Client\Obj\Middlewares\NetXDuo\Network\NetXDuo\TLS\nx_secure_tls_remote_certificate_free_all.o
#        D:\GitHub\STM32H743_Azure_MQTT_Client\Nx_MQTT_Client\EWARM\Nx_MQTT_Client\Obj\Middlewares\NetXDuo\Network\NetXDuo\TLS\nx_secure_tls_remote_certificate_verify.o
#        D:\GitHub\STM32H743_Azure_MQTT_Client\Nx_MQTT_Client\EWARM\Nx_MQTT_Client\Obj\Middlewares\NetXDuo\Network\NetXDuo\TLS\nx_secure_tls_send_alert.o
#        D:\GitHub\STM32H743_Azure_MQTT_Client\Nx_MQTT_Client\EWARM\Nx_MQTT_Client\Obj\Middlewares\NetXDuo\Network\NetXDuo\TLS\nx_secure_tls_send_certificate.o
#        D:\GitHub\STM32H743_Azure_MQTT_Client\Nx_MQTT_Client\EWARM\Nx_MQTT_Client\Obj\Middlewares\NetXDuo\Network\NetXDuo\TLS\nx_secure_tls_send_certificate_request.o
#        D:\GitHub\STM32H743_Azure_MQTT_Client\Nx_MQTT_Client\EWARM\Nx_MQTT_Client\Obj\Middlewares\NetXDuo\Network\NetXDuo\TLS\nx_secure_tls_send_certificate_verify.o
#        D:\GitHub\STM32H743_Azure_MQTT_Client\Nx_MQTT_Client\EWARM\Nx_MQTT_Client\Obj\Middlewares\NetXDuo\Network\NetXDuo\TLS\nx_secure_tls_send_changecipherspec.o
#        D:\GitHub\STM32H743_Azure_MQTT_Client\Nx_MQTT_Client\EWARM\Nx_MQTT_Client\Obj\Middlewares\NetXDuo\Network\NetXDuo\TLS\nx_secure_tls_send_client_key_exchange.o
#        D:\GitHub\STM32H743_Azure_MQTT_Client\Nx_MQTT_Client\EWARM\Nx_MQTT_Client\Obj\Middlewares\NetXDuo\Network\NetXDuo\TLS\nx_secure_tls_send_clienthello.o
#        D:\GitHub\STM32H743_Azure_MQTT_Client\Nx_MQTT_Client\EWARM\Nx_MQTT_Client\Obj\Middlewares\NetXDuo\Network\NetXDuo\TLS\nx_secure_tls_send_clienthello_extensions.o
#        D:\GitHub\STM32H743_Azure_MQTT_Client\Nx_MQTT_Client\EWARM\Nx_MQTT_Client\Obj\Middlewares\NetXDuo\Network\NetXDuo\TLS\nx_secure_tls_send_encrypted_extensions.o
#        D:\GitHub\STM32H743_Azure_MQTT_Client\Nx_MQTT_Client\EWARM\Nx_MQTT_Client\Obj\Middlewares\NetXDuo\Network\NetXDuo\TLS\nx_secure_tls_send_finished.o
#        D:\GitHub\STM32H743_Azure_MQTT_Client\Nx_MQTT_Client\EWARM\Nx_MQTT_Client\Obj\Middlewares\NetXDuo\Network\NetXDuo\TLS\nx_secure_tls_send_handshake_record.o
#        D:\GitHub\STM32H743_Azure_MQTT_Client\Nx_MQTT_Client\EWARM\Nx_MQTT_Client\Obj\Middlewares\NetXDuo\Network\NetXDuo\TLS\nx_secure_tls_send_hellorequest.o
#        D:\GitHub\STM32H743_Azure_MQTT_Client\Nx_MQTT_Client\EWARM\Nx_MQTT_Client\Obj\Middlewares\NetXDuo\Network\NetXDuo\TLS\nx_secure_tls_send_newsessionticket.o
#        D:\GitHub\STM32H743_Azure_MQTT_Client\Nx_MQTT_Client\EWARM\Nx_MQTT_Client\Obj\Middlewares\NetXDuo\Network\NetXDuo\TLS\nx_secure_tls_send_record.o
#        D:\GitHub\STM32H743_Azure_MQTT_Client\Nx_MQTT_Client\EWARM\Nx_MQTT_Client\Obj\Middlewares\NetXDuo\Network\NetXDuo\TLS\nx_secure_tls_send_server_key_exchange.o
#        D:\GitHub\STM32H743_Azure_MQTT_Client\Nx_MQTT_Client\EWARM\Nx_MQTT_Client\Obj\Middlewares\NetXDuo\Network\NetXDuo\TLS\nx_secure_tls_send_serverhello.o
#        D:\GitHub\STM32H743_Azure_MQTT_Client\Nx_MQTT_Client\EWARM\Nx_MQTT_Client\Obj\Middlewares\NetXDuo\Network\NetXDuo\TLS\nx_secure_tls_send_serverhello_extensions.o
#        D:\GitHub\STM32H743_Azure_MQTT_Client\Nx_MQTT_Client\EWARM\Nx_MQTT_Client\Obj\Middlewares\NetXDuo\Network\NetXDuo\TLS\nx_secure_tls_server_certificate_add.o
#        D:\GitHub\STM32H743_Azure_MQTT_Client\Nx_MQTT_Client\EWARM\Nx_MQTT_Client\Obj\Middlewares\NetXDuo\Network\NetXDuo\TLS\nx_secure_tls_server_certificate_find.o
#        D:\GitHub\STM32H743_Azure_MQTT_Client\Nx_MQTT_Client\EWARM\Nx_MQTT_Client\Obj\Middlewares\NetXDuo\Network\NetXDuo\TLS\nx_secure_tls_server_certificate_remove.o
#        D:\GitHub\STM32H743_Azure_MQTT_Client\Nx_MQTT_Client\EWARM\Nx_MQTT_Client\Obj\Middlewares\NetXDuo\Network\NetXDuo\TLS\nx_secure_tls_server_handshake.o
#        D:\GitHub\STM32H743_Azure_MQTT_Client\Nx_MQTT_Client\EWARM\Nx_MQTT_Client\Obj\Middlewares\NetXDuo\Network\NetXDuo\TLS\nx_secure_tls_session_alert_value_get.o
#        D:\GitHub\STM32H743_Azure_MQTT_Client\Nx_MQTT_Client\EWARM\Nx_MQTT_Client\Obj\Middlewares\NetXDuo\Network\NetXDuo\TLS\nx_secure_tls_session_certificate_callback_set.o
#        D:\GitHub\STM32H743_Azure_MQTT_Client\Nx_MQTT_Client\EWARM\Nx_MQTT_Client\Obj\Middlewares\NetXDuo\Network\NetXDuo\TLS\nx_secure_tls_session_client_callback_set.o
#        D:\GitHub\STM32H743_Azure_MQTT_Client\Nx_MQTT_Client\EWARM\Nx_MQTT_Client\Obj\Middlewares\NetXDuo\Network\NetXDuo\TLS\nx_secure_tls_session_client_verify_disable.o
#        D:\GitHub\STM32H743_Azure_MQTT_Client\Nx_MQTT_Client\EWARM\Nx_MQTT_Client\Obj\Middlewares\NetXDuo\Network\NetXDuo\TLS\nx_secure_tls_session_client_verify_enable.o
#        D:\GitHub\STM32H743_Azure_MQTT_Client\Nx_MQTT_Client\EWARM\Nx_MQTT_Client\Obj\Middlewares\NetXDuo\Network\NetXDuo\TLS\nx_secure_tls_session_create.o
#        D:\GitHub\STM32H743_Azure_MQTT_Client\Nx_MQTT_Client\EWARM\Nx_MQTT_Client\Obj\Middlewares\NetXDuo\Network\NetXDuo\TLS\nx_secure_tls_session_create_ext.o
#        D:\GitHub\STM32H743_Azure_MQTT_Client\Nx_MQTT_Client\EWARM\Nx_MQTT_Client\Obj\Middlewares\NetXDuo\Network\NetXDuo\TLS\nx_secure_tls_session_delete.o
#        D:\GitHub\STM32H743_Azure_MQTT_Client\Nx_MQTT_Client\EWARM\Nx_MQTT_Client\Obj\Middlewares\NetXDuo\Network\NetXDuo\TLS\nx_secure_tls_session_end.o
#        D:\GitHub\STM32H743_Azure_MQTT_Client\Nx_MQTT_Client\EWARM\Nx_MQTT_Client\Obj\Middlewares\NetXDuo\Network\NetXDuo\TLS\nx_secure_tls_session_iv_size_get.o
#        D:\GitHub\STM32H743_Azure_MQTT_Client\Nx_MQTT_Client\EWARM\Nx_MQTT_Client\Obj\Middlewares\NetXDuo\Network\NetXDuo\TLS\nx_secure_tls_session_keys_set.o
#        D:\GitHub\STM32H743_Azure_MQTT_Client\Nx_MQTT_Client\EWARM\Nx_MQTT_Client\Obj\Middlewares\NetXDuo\Network\NetXDuo\TLS\nx_secure_tls_session_packet_buffer_set.o
#        D:\GitHub\STM32H743_Azure_MQTT_Client\Nx_MQTT_Client\EWARM\Nx_MQTT_Client\Obj\Middlewares\NetXDuo\Network\NetXDuo\TLS\nx_secure_tls_session_protocol_version_override.o
#        D:\GitHub\STM32H743_Azure_MQTT_Client\Nx_MQTT_Client\EWARM\Nx_MQTT_Client\Obj\Middlewares\NetXDuo\Network\NetXDuo\TLS\nx_secure_tls_session_receive.o
#        D:\GitHub\STM32H743_Azure_MQTT_Client\Nx_MQTT_Client\EWARM\Nx_MQTT_Client\Obj\Middlewares\NetXDuo\Network\NetXDuo\TLS\nx_secure_tls_session_receive_records.o
#        D:\GitHub\STM32H743_Azure_MQTT_Client\Nx_MQTT_Client\EWARM\Nx_MQTT_Client\Obj\Middlewares\NetXDuo\Network\NetXDuo\TLS\nx_secure_tls_session_renegotiate.o
#        D:\GitHub\STM32H743_Azure_MQTT_Client\Nx_MQTT_Client\EWARM\Nx_MQTT_Client\Obj\Middlewares\NetXDuo\Network\NetXDuo\TLS\nx_secure_tls_session_renegotiate_callback_set.o
#        D:\GitHub\STM32H743_Azure_MQTT_Client\Nx_MQTT_Client\EWARM\Nx_MQTT_Client\Obj\Middlewares\NetXDuo\Network\NetXDuo\TLS\nx_secure_tls_session_reset.o
#        D:\GitHub\STM32H743_Azure_MQTT_Client\Nx_MQTT_Client\EWARM\Nx_MQTT_Client\Obj\Middlewares\NetXDuo\Network\NetXDuo\TLS\nx_secure_tls_session_send.o
#        D:\GitHub\STM32H743_Azure_MQTT_Client\Nx_MQTT_Client\EWARM\Nx_MQTT_Client\Obj\Middlewares\NetXDuo\Network\NetXDuo\TLS\nx_secure_tls_session_server_callback_set.o
#        D:\GitHub\STM32H743_Azure_MQTT_Client\Nx_MQTT_Client\EWARM\Nx_MQTT_Client\Obj\Middlewares\NetXDuo\Network\NetXDuo\TLS\nx_secure_tls_session_sni_extension_parse.o
#        D:\GitHub\STM32H743_Azure_MQTT_Client\Nx_MQTT_Client\EWARM\Nx_MQTT_Client\Obj\Middlewares\NetXDuo\Network\NetXDuo\TLS\nx_secure_tls_session_sni_extension_set.o
#        D:\GitHub\STM32H743_Azure_MQTT_Client\Nx_MQTT_Client\EWARM\Nx_MQTT_Client\Obj\Middlewares\NetXDuo\Network\NetXDuo\TLS\nx_secure_tls_session_start.o
#        D:\GitHub\STM32H743_Azure_MQTT_Client\Nx_MQTT_Client\EWARM\Nx_MQTT_Client\Obj\Middlewares\NetXDuo\Network\NetXDuo\TLS\nx_secure_tls_session_time_function_set.o
#        D:\GitHub\STM32H743_Azure_MQTT_Client\Nx_MQTT_Client\EWARM\Nx_MQTT_Client\Obj\Middlewares\NetXDuo\Network\NetXDuo\TLS\nx_secure_tls_session_x509_client_verify_configure.o
#        D:\GitHub\STM32H743_Azure_MQTT_Client\Nx_MQTT_Client\EWARM\Nx_MQTT_Client\Obj\Middlewares\NetXDuo\Network\NetXDuo\TLS\nx_secure_tls_shutdown.o
#        D:\GitHub\STM32H743_Azure_MQTT_Client\Nx_MQTT_Client\EWARM\Nx_MQTT_Client\Obj\Middlewares\NetXDuo\Network\NetXDuo\TLS\nx_secure_tls_trusted_certificate_add.o
#        D:\GitHub\STM32H743_Azure_MQTT_Client\Nx_MQTT_Client\EWARM\Nx_MQTT_Client\Obj\Middlewares\NetXDuo\Network\NetXDuo\TLS\nx_secure_tls_trusted_certificate_remove.o
#        D:\GitHub\STM32H743_Azure_MQTT_Client\Nx_MQTT_Client\EWARM\Nx_MQTT_Client\Obj\Middlewares\NetXDuo\Network\NetXDuo\TLS\nx_secure_tls_verify_mac.o
#        D:\GitHub\STM32H743_Azure_MQTT_Client\Nx_MQTT_Client\EWARM\Nx_MQTT_Client\Obj\Middlewares\NetXDuo\Network\NetXDuo\TLS\nx_secure_x509.o
#        D:\GitHub\STM32H743_Azure_MQTT_Client\Nx_MQTT_Client\EWARM\Nx_MQTT_Client\Obj\Middlewares\NetXDuo\Network\NetXDuo\TLS\nx_secure_x509_asn1_tlv_block_parse.o
#        D:\GitHub\STM32H743_Azure_MQTT_Client\Nx_MQTT_Client\EWARM\Nx_MQTT_Client\Obj\Middlewares\NetXDuo\Network\NetXDuo\TLS\nx_secure_x509_certificate_chain_verify.o
#        D:\GitHub\STM32H743_Azure_MQTT_Client\Nx_MQTT_Client\EWARM\Nx_MQTT_Client\Obj\Middlewares\NetXDuo\Network\NetXDuo\TLS\nx_secure_x509_certificate_initialize.o
#        D:\GitHub\STM32H743_Azure_MQTT_Client\Nx_MQTT_Client\EWARM\Nx_MQTT_Client\Obj\Middlewares\NetXDuo\Network\NetXDuo\TLS\nx_secure_x509_certificate_list_add.o
#        D:\GitHub\STM32H743_Azure_MQTT_Client\Nx_MQTT_Client\EWARM\Nx_MQTT_Client\Obj\Middlewares\NetXDuo\Network\NetXDuo\TLS\nx_secure_x509_certificate_list_find.o
#        D:\GitHub\STM32H743_Azure_MQTT_Client\Nx_MQTT_Client\EWARM\Nx_MQTT_Client\Obj\Middlewares\NetXDuo\Network\NetXDuo\TLS\nx_secure_x509_certificate_list_remove.o
#        D:\GitHub\STM32H743_Azure_MQTT_Client\Nx_MQTT_Client\EWARM\Nx_MQTT_Client\Obj\Middlewares\NetXDuo\Network\NetXDuo\TLS\nx_secure_x509_certificate_revocation_list_parse.o
#        D:\GitHub\STM32H743_Azure_MQTT_Client\Nx_MQTT_Client\EWARM\Nx_MQTT_Client\Obj\Middlewares\NetXDuo\Network\NetXDuo\TLS\nx_secure_x509_certificate_verify.o
#        D:\GitHub\STM32H743_Azure_MQTT_Client\Nx_MQTT_Client\EWARM\Nx_MQTT_Client\Obj\Middlewares\NetXDuo\Network\NetXDuo\TLS\nx_secure_x509_common_name_dns_check.o
#        D:\GitHub\STM32H743_Azure_MQTT_Client\Nx_MQTT_Client\EWARM\Nx_MQTT_Client\Obj\Middlewares\NetXDuo\Network\NetXDuo\TLS\nx_secure_x509_crl_revocation_check.o
#        D:\GitHub\STM32H743_Azure_MQTT_Client\Nx_MQTT_Client\EWARM\Nx_MQTT_Client\Obj\Middlewares\NetXDuo\Network\NetXDuo\TLS\nx_secure_x509_crl_verify.o
#        D:\GitHub\STM32H743_Azure_MQTT_Client\Nx_MQTT_Client\EWARM\Nx_MQTT_Client\Obj\Middlewares\NetXDuo\Network\NetXDuo\TLS\nx_secure_x509_distinguished_name_compare.o
#        D:\GitHub\STM32H743_Azure_MQTT_Client\Nx_MQTT_Client\EWARM\Nx_MQTT_Client\Obj\Middlewares\NetXDuo\Network\NetXDuo\TLS\nx_secure_x509_distinguished_name_parse.o
#        D:\GitHub\STM32H743_Azure_MQTT_Client\Nx_MQTT_Client\EWARM\Nx_MQTT_Client\Obj\Middlewares\NetXDuo\Network\NetXDuo\TLS\nx_secure_x509_dns_name_initialize.o
#        D:\GitHub\STM32H743_Azure_MQTT_Client\Nx_MQTT_Client\EWARM\Nx_MQTT_Client\Obj\Middlewares\NetXDuo\Network\NetXDuo\TLS\nx_secure_x509_ec_private_key_parse.o
#        D:\GitHub\STM32H743_Azure_MQTT_Client\Nx_MQTT_Client\EWARM\Nx_MQTT_Client\Obj\Middlewares\NetXDuo\Network\NetXDuo\TLS\nx_secure_x509_expiration_check.o
#        D:\GitHub\STM32H743_Azure_MQTT_Client\Nx_MQTT_Client\EWARM\Nx_MQTT_Client\Obj\Middlewares\NetXDuo\Network\NetXDuo\TLS\nx_secure_x509_extended_key_usage_extension_parse.o
#        D:\GitHub\STM32H743_Azure_MQTT_Client\Nx_MQTT_Client\EWARM\Nx_MQTT_Client\Obj\Middlewares\NetXDuo\Network\NetXDuo\TLS\nx_secure_x509_extension_find.o
#        D:\GitHub\STM32H743_Azure_MQTT_Client\Nx_MQTT_Client\EWARM\Nx_MQTT_Client\Obj\Middlewares\NetXDuo\Network\NetXDuo\TLS\nx_secure_x509_find_certificate_methods.o
#        D:\GitHub\STM32H743_Azure_MQTT_Client\Nx_MQTT_Client\EWARM\Nx_MQTT_Client\Obj\Middlewares\NetXDuo\Network\NetXDuo\TLS\nx_secure_x509_find_curve_method.o
#        D:\GitHub\STM32H743_Azure_MQTT_Client\Nx_MQTT_Client\EWARM\Nx_MQTT_Client\Obj\Middlewares\NetXDuo\Network\NetXDuo\TLS\nx_secure_x509_free_certificate_get.o
#        D:\GitHub\STM32H743_Azure_MQTT_Client\Nx_MQTT_Client\EWARM\Nx_MQTT_Client\Obj\Middlewares\NetXDuo\Network\NetXDuo\TLS\nx_secure_x509_key_usage_extension_parse.o
#        D:\GitHub\STM32H743_Azure_MQTT_Client\Nx_MQTT_Client\EWARM\Nx_MQTT_Client\Obj\Middlewares\NetXDuo\Network\NetXDuo\TLS\nx_secure_x509_local_certificate_find.o
#        D:\GitHub\STM32H743_Azure_MQTT_Client\Nx_MQTT_Client\EWARM\Nx_MQTT_Client\Obj\Middlewares\NetXDuo\Network\NetXDuo\TLS\nx_secure_x509_local_device_certificate_get.o
#        D:\GitHub\STM32H743_Azure_MQTT_Client\Nx_MQTT_Client\EWARM\Nx_MQTT_Client\Obj\Middlewares\NetXDuo\Network\NetXDuo\TLS\nx_secure_x509_oid_parse.o
#        D:\GitHub\STM32H743_Azure_MQTT_Client\Nx_MQTT_Client\EWARM\Nx_MQTT_Client\Obj\Middlewares\NetXDuo\Network\NetXDuo\TLS\nx_secure_x509_pkcs1_rsa_private_key_parse.o
#        D:\GitHub\STM32H743_Azure_MQTT_Client\Nx_MQTT_Client\EWARM\Nx_MQTT_Client\Obj\Middlewares\NetXDuo\Network\NetXDuo\TLS\nx_secure_x509_pkcs7_decode.o
#        D:\GitHub\STM32H743_Azure_MQTT_Client\Nx_MQTT_Client\EWARM\Nx_MQTT_Client\Obj\Middlewares\NetXDuo\Network\NetXDuo\TLS\nx_secure_x509_remote_endpoint_certificate_get.o
#        D:\GitHub\STM32H743_Azure_MQTT_Client\Nx_MQTT_Client\EWARM\Nx_MQTT_Client\Obj\Middlewares\NetXDuo\Network\NetXDuo\TLS\nx_secure_x509_store_certificate_add.o
#        D:\GitHub\STM32H743_Azure_MQTT_Client\Nx_MQTT_Client\EWARM\Nx_MQTT_Client\Obj\Middlewares\NetXDuo\Network\NetXDuo\TLS\nx_secure_x509_store_certificate_find.o
#        D:\GitHub\STM32H743_Azure_MQTT_Client\Nx_MQTT_Client\EWARM\Nx_MQTT_Client\Obj\Middlewares\NetXDuo\Network\NetXDuo\TLS\nx_secure_x509_store_certificate_remove.o
#        D:\GitHub\STM32H743_Azure_MQTT_Client\Nx_MQTT_Client\EWARM\Nx_MQTT_Client\Obj\Middlewares\NetXDuo\Network\NetXDuo\TLS\nx_secure_x509_subject_alt_names_find.o
#        D:\GitHub\STM32H743_Azure_MQTT_Client\Nx_MQTT_Client\EWARM\Nx_MQTT_Client\Obj\Middlewares\NetXDuo\Network\NetXDuo\TLS\nx_secure_x509_wildcard_compare.o
#        "D:\GitHub\STM32H743_Azure_MQTT_Client\Nx_MQTT_Client\EWARM\Nx_MQTT_Client\Obj\Middlewares\Interfaces\Network\Ethernet
#        Interface\nx_stm32_eth_driver.o"
#        "D:\GitHub\STM32H743_Azure_MQTT_Client\Nx_MQTT_Client\EWARM\Nx_MQTT_Client\Obj\Middlewares\Interfaces\Network\Ethernet
#        Phy Interface\LAN8742_Phy_Interface\nx_stm32_phy_driver.o"
#        "D:\GitHub\STM32H743_Azure_MQTT_Client\Nx_MQTT_Client\EWARM\Nx_MQTT_Client\Obj\Middlewares\NetXDuo\Network\NetXDuo\NX
#        Core\nx_system_initialize.o"
#        "D:\GitHub\STM32H743_Azure_MQTT_Client\Nx_MQTT_Client\EWARM\Nx_MQTT_Client\Obj\Middlewares\NetXDuo\Network\NetXDuo\NX
#        Core\nx_tcp_cleanup_deferred.o"
#        "D:\GitHub\STM32H743_Azure_MQTT_Client\Nx_MQTT_Client\EWARM\Nx_MQTT_Client\Obj\Middlewares\NetXDuo\Network\NetXDuo\NX
#        Core\nx_tcp_client_bind_cleanup.o"
#        "D:\GitHub\STM32H743_Azure_MQTT_Client\Nx_MQTT_Client\EWARM\Nx_MQTT_Client\Obj\Middlewares\NetXDuo\Network\NetXDuo\NX
#        Core\nx_tcp_client_socket_bind.o"
#        "D:\GitHub\STM32H743_Azure_MQTT_Client\Nx_MQTT_Client\EWARM\Nx_MQTT_Client\Obj\Middlewares\NetXDuo\Network\NetXDuo\NX
#        Core\nx_tcp_client_socket_connect.o"
#        "D:\GitHub\STM32H743_Azure_MQTT_Client\Nx_MQTT_Client\EWARM\Nx_MQTT_Client\Obj\Middlewares\NetXDuo\Network\NetXDuo\NX
#        Core\nx_tcp_client_socket_port_get.o"
#        "D:\GitHub\STM32H743_Azure_MQTT_Client\Nx_MQTT_Client\EWARM\Nx_MQTT_Client\Obj\Middlewares\NetXDuo\Network\NetXDuo\NX
#        Core\nx_tcp_client_socket_unbind.o"
#        "D:\GitHub\STM32H743_Azure_MQTT_Client\Nx_MQTT_Client\EWARM\Nx_MQTT_Client\Obj\Middlewares\NetXDuo\Network\NetXDuo\NX
#        Core\nx_tcp_connect_cleanup.o"
#        "D:\GitHub\STM32H743_Azure_MQTT_Client\Nx_MQTT_Client\EWARM\Nx_MQTT_Client\Obj\Middlewares\NetXDuo\Network\NetXDuo\NX
#        Core\nx_tcp_deferred_cleanup_check.o"
#        "D:\GitHub\STM32H743_Azure_MQTT_Client\Nx_MQTT_Client\EWARM\Nx_MQTT_Client\Obj\Middlewares\NetXDuo\Network\NetXDuo\NX
#        Core\nx_tcp_disconnect_cleanup.o"
#        "D:\GitHub\STM32H743_Azure_MQTT_Client\Nx_MQTT_Client\EWARM\Nx_MQTT_Client\Obj\Middlewares\NetXDuo\Network\NetXDuo\NX
#        Core\nx_tcp_enable.o"
#        "D:\GitHub\STM32H743_Azure_MQTT_Client\Nx_MQTT_Client\EWARM\Nx_MQTT_Client\Obj\Middlewares\NetXDuo\Network\NetXDuo\NX
#        Core\nx_tcp_fast_periodic_processing.o"
#        "D:\GitHub\STM32H743_Azure_MQTT_Client\Nx_MQTT_Client\EWARM\Nx_MQTT_Client\Obj\Middlewares\NetXDuo\Network\NetXDuo\NX
#        Core\nx_tcp_free_port_find.o"
#        "D:\GitHub\STM32H743_Azure_MQTT_Client\Nx_MQTT_Client\EWARM\Nx_MQTT_Client\Obj\Middlewares\NetXDuo\Network\NetXDuo\NX
#        Core\nx_tcp_info_get.o"
#        "D:\GitHub\STM32H743_Azure_MQTT_Client\Nx_MQTT_Client\EWARM\Nx_MQTT_Client\Obj\Middlewares\NetXDuo\Network\NetXDuo\NX
#        Core\nx_tcp_initialize.o"
#        "D:\GitHub\STM32H743_Azure_MQTT_Client\Nx_MQTT_Client\EWARM\Nx_MQTT_Client\Obj\Middlewares\NetXDuo\Network\NetXDuo\NX
#        Core\nx_tcp_mss_option_get.o"
#        "D:\GitHub\STM32H743_Azure_MQTT_Client\Nx_MQTT_Client\EWARM\Nx_MQTT_Client\Obj\Middlewares\NetXDuo\Network\NetXDuo\NX
#        Core\nx_tcp_no_connection_reset.o"
#        "D:\GitHub\STM32H743_Azure_MQTT_Client\Nx_MQTT_Client\EWARM\Nx_MQTT_Client\Obj\Middlewares\NetXDuo\Network\NetXDuo\NX
#        Core\nx_tcp_packet_process.o"
#        "D:\GitHub\STM32H743_Azure_MQTT_Client\Nx_MQTT_Client\EWARM\Nx_MQTT_Client\Obj\Middlewares\NetXDuo\Network\NetXDuo\NX
#        Core\nx_tcp_packet_receive.o"
#        "D:\GitHub\STM32H743_Azure_MQTT_Client\Nx_MQTT_Client\EWARM\Nx_MQTT_Client\Obj\Middlewares\NetXDuo\Network\NetXDuo\NX
#        Core\nx_tcp_packet_send_ack.o"
#        "D:\GitHub\STM32H743_Azure_MQTT_Client\Nx_MQTT_Client\EWARM\Nx_MQTT_Client\Obj\Middlewares\NetXDuo\Network\NetXDuo\NX
#        Core\nx_tcp_packet_send_control.o"
#        "D:\GitHub\STM32H743_Azure_MQTT_Client\Nx_MQTT_Client\EWARM\Nx_MQTT_Client\Obj\Middlewares\NetXDuo\Network\NetXDuo\NX
#        Core\nx_tcp_packet_send_fin.o"
#        "D:\GitHub\STM32H743_Azure_MQTT_Client\Nx_MQTT_Client\EWARM\Nx_MQTT_Client\Obj\Middlewares\NetXDuo\Network\NetXDuo\NX
#        Core\nx_tcp_packet_send_probe.o"
#        "D:\GitHub\STM32H743_Azure_MQTT_Client\Nx_MQTT_Client\EWARM\Nx_MQTT_Client\Obj\Middlewares\NetXDuo\Network\NetXDuo\NX
#        Core\nx_tcp_packet_send_rst.o"
#        "D:\GitHub\STM32H743_Azure_MQTT_Client\Nx_MQTT_Client\EWARM\Nx_MQTT_Client\Obj\Middlewares\NetXDuo\Network\NetXDuo\NX
#        Core\nx_tcp_packet_send_syn.o"
#        "D:\GitHub\STM32H743_Azure_MQTT_Client\Nx_MQTT_Client\EWARM\Nx_MQTT_Client\Obj\Middlewares\NetXDuo\Network\NetXDuo\NX
#        Core\nx_tcp_periodic_processing.o"
#        "D:\GitHub\STM32H743_Azure_MQTT_Client\Nx_MQTT_Client\EWARM\Nx_MQTT_Client\Obj\Middlewares\NetXDuo\Network\NetXDuo\NX
#        Core\nx_tcp_queue_process.o"
#        "D:\GitHub\STM32H743_Azure_MQTT_Client\Nx_MQTT_Client\EWARM\Nx_MQTT_Client\Obj\Middlewares\NetXDuo\Network\NetXDuo\NX
#        Core\nx_tcp_receive_cleanup.o"
#        "D:\GitHub\STM32H743_Azure_MQTT_Client\Nx_MQTT_Client\EWARM\Nx_MQTT_Client\Obj\Middlewares\NetXDuo\Network\NetXDuo\NX
#        Core\nx_tcp_server_socket_accept.o"
#        "D:\GitHub\STM32H743_Azure_MQTT_Client\Nx_MQTT_Client\EWARM\Nx_MQTT_Client\Obj\Middlewares\NetXDuo\Network\NetXDuo\NX
#        Core\nx_tcp_server_socket_listen.o"
#        "D:\GitHub\STM32H743_Azure_MQTT_Client\Nx_MQTT_Client\EWARM\Nx_MQTT_Client\Obj\Middlewares\NetXDuo\Network\NetXDuo\NX
#        Core\nx_tcp_server_socket_relisten.o"
#        "D:\GitHub\STM32H743_Azure_MQTT_Client\Nx_MQTT_Client\EWARM\Nx_MQTT_Client\Obj\Middlewares\NetXDuo\Network\NetXDuo\NX
#        Core\nx_tcp_server_socket_unaccept.o"
#        "D:\GitHub\STM32H743_Azure_MQTT_Client\Nx_MQTT_Client\EWARM\Nx_MQTT_Client\Obj\Middlewares\NetXDuo\Network\NetXDuo\NX
#        Core\nx_tcp_server_socket_unlisten.o"
#        "D:\GitHub\STM32H743_Azure_MQTT_Client\Nx_MQTT_Client\EWARM\Nx_MQTT_Client\Obj\Middlewares\NetXDuo\Network\NetXDuo\NX
#        Core\nx_tcp_socket_block_cleanup.o"
#        "D:\GitHub\STM32H743_Azure_MQTT_Client\Nx_MQTT_Client\EWARM\Nx_MQTT_Client\Obj\Middlewares\NetXDuo\Network\NetXDuo\NX
#        Core\nx_tcp_socket_bytes_available.o"
#        "D:\GitHub\STM32H743_Azure_MQTT_Client\Nx_MQTT_Client\EWARM\Nx_MQTT_Client\Obj\Middlewares\NetXDuo\Network\NetXDuo\NX
#        Core\nx_tcp_socket_connection_reset.o"
#        "D:\GitHub\STM32H743_Azure_MQTT_Client\Nx_MQTT_Client\EWARM\Nx_MQTT_Client\Obj\Middlewares\NetXDuo\Network\NetXDuo\NX
#        Core\nx_tcp_socket_create.o"
#        "D:\GitHub\STM32H743_Azure_MQTT_Client\Nx_MQTT_Client\EWARM\Nx_MQTT_Client\Obj\Middlewares\NetXDuo\Network\NetXDuo\NX
#        Core\nx_tcp_socket_delete.o"
#        "D:\GitHub\STM32H743_Azure_MQTT_Client\Nx_MQTT_Client\EWARM\Nx_MQTT_Client\Obj\Middlewares\NetXDuo\Network\NetXDuo\NX
#        Core\nx_tcp_socket_disconnect.o"
#        "D:\GitHub\STM32H743_Azure_MQTT_Client\Nx_MQTT_Client\EWARM\Nx_MQTT_Client\Obj\Middlewares\NetXDuo\Network\NetXDuo\NX
#        Core\nx_tcp_socket_disconnect_complete_notify.o"
#        "D:\GitHub\STM32H743_Azure_MQTT_Client\Nx_MQTT_Client\EWARM\Nx_MQTT_Client\Obj\Middlewares\NetXDuo\Network\NetXDuo\NX
#        Core\nx_tcp_socket_establish_notify.o"
[...]
_tx_byte_pool_created_ptr
                        0x2401'5e54       0x4  Data  Gb  tx_initialize_high_level.o [17]
_tx_byte_pool_search     0x801'4ef5      0xf4  Code  Gb  tx_byte_pool_search.o [17]
_tx_event_flags_cleanup
                         0x801'd3d1      0x84  Code  Gb  tx_event_flags_cleanup.o [17]
_tx_event_flags_create   0x800'47e5      0x4c  Code  Gb  tx_event_flags_create.o [17]
_tx_event_flags_created_count
                        0x2401'5e40       0x4  Data  Gb  tx_initialize_high_level.o [17]
_tx_event_flags_created_ptr
                        0x2401'5e3c       0x4  Data  Gb  tx_initialize_high_level.o [17]
_tx_event_flags_delete   0x800'44cd      0x94  Code  Gb  tx_event_flags_delete.o [17]
_tx_event_flags_get      0x800'41d1      0xd0  Code  Gb  tx_event_flags_get.o [17]
_tx_event_flags_set      0x800'3131     0x1b4  Code  Gb  tx_event_flags_set.o [17]
_tx_initialize_high_level
                         0x801'18d5      0x2c  Code  Gb  tx_initialize_high_level.o [17]
_tx_initialize_kernel_enter
                         0x801'1819      0x44  Code  Gb  tx_initialize_kernel_enter.o [17]
_tx_initialize_low_level
                         0x801'1871            Code  Gb  tx_initialize_low_level.o [3]
_tx_initialize_unused_memory
                        0x2401'5ee8       0x4  Data  Gb  tx_initialize_high_level.o [17]
_tx_mutex_cleanup        0x801'd0bd      0x70  Code  Gb  tx_mutex_cleanup.o [17]
_tx_mutex_create         0x800'4661      0x60  Code  Gb  tx_mutex_create.o [17]
_tx_mutex_created_count
                        0x2401'5e48       0x4  Data  Gb  tx_initialize_high_level.o [17]
_tx_mutex_created_ptr   0x2401'5e44       0x4  Data  Gb  tx_initialize_high_level.o [17]
_tx_mutex_delete         0x800'4561      0xa8  Code  Gb  tx_mutex_delete.o [17]
_tx_mutex_get            0x800'34b1     0x108  Code  Gb  tx_mutex_get.o [17]
_tx_mutex_prioritize     0x800'4ea9      0x9c  Code  Gb  tx_mutex_prioritize.o [17]
_tx_mutex_priority_change
                         0x800'4f45      0xb4  Code  Gb  tx_mutex_priority_change.o [17]
_tx_mutex_put            0x800'32e5     0x1cc  Code  Gb  tx_mutex_put.o [17]
_tx_mutex_thread_release
                         0x801'd12d      0x3e  Code  Gb  tx_mutex_cleanup.o [17]
_tx_queue_created_count
                        0x2401'5e38       0x4  Data  Gb  tx_initialize_high_level.o [17]
_tx_queue_created_ptr   0x2401'5e34       0x4  Data  Gb  tx_initialize_high_level.o [17]
_tx_semaphore_cleanup    0x801'd551      0x7c  Code  Gb  tx_semaphore_cleanup.o [17]
_tx_semaphore_create     0x801'4701      0x50  Code  Gb  tx_semaphore_create.o [17]
_tx_semaphore_created_count
                        0x2401'5e30       0x4  Data  Gb  tx_initialize_high_level.o [17]
_tx_semaphore_created_ptr
                        0x2401'5e2c       0x4  Data  Gb  tx_initialize_high_level.o [17]
_tx_semaphore_get        0x801'4895      0x8c  Code  Gb  tx_semaphore_get.o [17]
_tx_semaphore_put        0x801'480d      0x54  Code  Gb  tx_semaphore_put.o [17]
_tx_thread_create        0x800'46c1     0x124  Code  Gb  tx_thread_create.o [17]
_tx_thread_created_count
                        0x2401'5bbc       0x4  Data  Gb  tx_thread_initialize.o [17]
_tx_thread_created_ptr  0x2401'5bb8       0x4  Data  Gb  tx_thread_initialize.o [17]
_tx_thread_current_ptr  0x2401'5bb0       0x4  Data  Gb  tx_thread_initialize.o [17]
_tx_thread_delete        0x800'4831      0x58  Code  Gb  tx_thread_delete.o [17]
_tx_thread_execute_ptr  0x2401'5bb4       0x4  Data  Gb  tx_thread_initialize.o [17]
_tx_thread_highest_priority
                        0x2401'5bc0       0x4  Data  Gb  tx_thread_initialize.o [17]
_tx_thread_identify      0x800'2dad      0x14  Code  Gb  tx_thread_identify.o [17]
_tx_thread_info_get      0x800'4cd5      0x50  Code  Gb  tx_thread_info_get.o [17]
_tx_thread_initialize    0x801'1af1      0x38  Code  Gb  tx_thread_initialize.o [17]
_tx_thread_mutex_release
                        0x2401'5bc8       0x4  Data  Gb  tx_thread_initialize.o [17]
_tx_thread_preempt_disable
                        0x2401'5bc4       0x4  Data  Gb  tx_thread_initialize.o [17]
_tx_thread_preemption_change
                         0x800'52dd      0x78  Code  Gb  tx_thread_preemption_change.o [17]
_tx_thread_priority_change
                         0x800'4d25      0xa6  Code  Gb  tx_thread_priority_change.o [17]
_tx_thread_priority_list
                        0x2401'5bd4      0x80  Data  Gb  tx_thread_initialize.o [17]
_tx_thread_priority_maps
                        0x2401'5bd0       0x4  Data  Gb  tx_thread_initialize.o [17]
_tx_thread_relinquish    0x801'4959      0x70  Code  Gb  tx_thread_relinquish.o [17]
_tx_thread_resume        0x800'4889      0x68  Code  Gb  tx_thread_resume.o [17]
_tx_thread_schedule      0x801'1979            Code  Gb  tx_thread_schedule.o [17]
_tx_thread_shell_entry   0x801'd7b1      0x54  Code  Gb  tx_thread_shell_entry.o [17]
_tx_thread_sleep         0x800'4be1      0x80  Code  Gb  tx_thread_sleep.o [17]
_tx_thread_stack_build   0x800'5c7d            Code  Gb  tx_thread_stack_build.o [17]
_tx_thread_system_preempt_check
                         0x800'461d      0x44  Code  Gb  tx_thread_system_preempt_check.o [17]
_tx_thread_system_resume
                         0x800'2e4d     0x118  Code  Gb  tx_thread_system_resume.o [17]
_tx_thread_system_stack_ptr
                        0x2401'5eec       0x4  Data  Gb  tx_thread_initialize.o [17]
_tx_thread_system_state
                        0x2400'429c       0x4  Data  Gb  tx_thread_initialize.o [17]
_tx_thread_system_suspend
                         0x800'2fed     0x144  Code  Gb  tx_thread_system_suspend.o [17]
_tx_thread_time_slice    0x801'2255      0x60  Code  Gb  tx_thread_time_slice.o [17]
_tx_thread_timeout       0x801'd935      0x34  Code  Gb  tx_thread_timeout.o [17]
_tx_time_get             0x800'1bc9      0x14  Code  Gb  tx_time_get.o [17]
_tx_timer_activate       0x800'd051      0x22  Code  Gb  tx_timer_activate.o [17]
_tx_timer_create         0x800'48f1      0x78  Code  Gb  tx_timer_create.o [17]
_tx_timer_created_count
                        0x2401'408c       0x4  Data  Gb  tx_timer_initialize.o [17]
_tx_timer_created_ptr   0x2401'4088       0x4  Data  Gb  tx_timer_initialize.o [17]
_tx_timer_current_ptr   0x2401'4080       0x4  Data  Gb  tx_timer_initialize.o [17]
_tx_timer_delete         0x800'4185      0x4c  Code  Gb  tx_timer_delete.o [17]
_tx_timer_expiration_process
                         0x801'2235      0x20  Code  Gb  tx_timer_expiration_process.o [17]
_tx_timer_expired       0x2401'4084       0x4  Data  Gb  tx_timer_initialize.o [17]
_tx_timer_expired_time_slice
                        0x2401'4074       0x4  Data  Gb  tx_timer_initialize.o [17]
_tx_timer_expired_timer_ptr
                        0x2401'4090       0x4  Data  Gb  tx_timer_initialize.o [17]
_tx_timer_initialize     0x801'1b29      0x72  Code  Gb  tx_timer_initialize.o [17]
_tx_timer_interrupt      0x801'1a39            Code  Gb  tx_timer_interrupt.o [17]
_tx_timer_list          0x2401'40a4      0x80  Data  Gb  tx_timer_initialize.o [17]
_tx_timer_list_end      0x2401'407c       0x4  Data  Gb  tx_timer_initialize.o [17]
_tx_timer_list_start    0x2401'4078       0x4  Data  Gb  tx_timer_initialize.o [17]
_tx_timer_priority      0x2401'409c       0x4  Data  Gb  tx_timer_initialize.o [17]
_tx_timer_stack_size    0x2401'4098       0x4  Data  Gb  tx_timer_initialize.o [17]
_tx_timer_stack_start   0x2401'4094       0x4  Data  Gb  tx_timer_initialize.o [17]
_tx_timer_system_activate
                         0x800'4e49      0x60  Code  Gb  tx_timer_system_activate.o [17]
_tx_timer_system_clock  0x2401'4070       0x4  Data  Gb  tx_timer_initialize.o [17]
_tx_timer_system_deactivate
                         0x800'4de9      0x2c  Code  Gb  tx_timer_system_deactivate.o [17]
_tx_timer_thread        0x2401'4124      0xb0  Data  Gb  tx_timer_initialize.o [17]
_tx_timer_thread_entry   0x801'ca01     0x104  Code  Gb  tx_timer_thread_entry.o [17]
_tx_timer_thread_stack_area
                        0x2401'41d4     0x400  Data  Gb  tx_timer_initialize.o [17]
_tx_timer_time_slice    0x2401'40a0       0x4  Data  Gb  tx_timer_initialize.o [17]
_txe_byte_allocate       0x801'277d      0x74  Code  Gb  txe_byte_allocate.o [17]
_txe_byte_pool_create    0x801'1bbd      0xc4  Code  Gb  txe_byte_pool_create.o [17]
_txe_event_flags_create
                         0x800'27f1      0xa8  Code  Gb  txe_event_flags_create.o [17]
_txe_event_flags_delete
                         0x800'24d9      0x3c  Code  Gb  txe_event_flags_delete.o [17]
_txe_event_flags_get     0x800'23c5      0x54  Code  Gb  txe_event_flags_get.o [17]
_txe_event_flags_set     0x800'1d09      0x28  Code  Gb  txe_event_flags_set.o [17]
_txe_mutex_create        0x800'25f9      0xb8  Code  Gb  txe_mutex_create.o [17]
_txe_mutex_delete        0x800'2515      0x3c  Code  Gb  txe_mutex_delete.o [17]
_txe_mutex_get           0x800'1e19      0x60  Code  Gb  txe_mutex_get.o [17]
_txe_mutex_put           0x800'1de1      0x38  Code  Gb  txe_mutex_put.o [17]
_txe_semaphore_create    0x801'26d9      0xa4  Code  Gb  txe_semaphore_create.o [17]
_txe_semaphore_get       0x801'2859      0x44  Code  Gb  txe_semaphore_get.o [17]
_txe_semaphore_put       0x801'27f1      0x18  Code  Gb  txe_semaphore_put.o [17]
_txe_thread_create       0x800'26b1     0x140  Code  Gb  txe_thread_create.o [17]
_txe_thread_delete       0x800'2899      0x2c  Code  Gb  txe_thread_delete.o [17]
_txe_thread_info_get     0x800'2d79      0x34  Code  Gb  txe_thread_info_get.o [17]
_txe_thread_priority_change
                         0x800'2dc1      0x40  Code  Gb  txe_thread_priority_change.o [17]
_txe_thread_relinquish   0x801'28f5      0x20  Code  Gb  txe_thread_relinquish.o [17]
_txe_thread_resume       0x800'29bd      0x18  Code  Gb  txe_thread_resume.o [17]
_txe_timer_activate      0x800'cc19      0x18  Code  Gb  txe_timer_activate.o [17]
_txe_timer_create        0x800'29d5      0xd0  Code  Gb  txe_timer_create.o [17]
_txe_timer_delete        0x800'2389      0x3c  Code  Gb  txe_timer_delete.o [17]
abort                    0x801'595d       0x6  Code  Gb  abort.o [19]
aes_decryption_table     0x801'88d8     0x400  Data  Lc  nx_crypto_aes.o [14]
aes_encryption_table     0x801'83d8     0x400  Data  Lc  nx_crypto_aes.o [14]
aes_inv_mix_table        0x801'9b64     0x400  Data  Lc  nx_crypto_aes.o [14]
aes_rcon_array           0x801'82b4       0xc  Data  Lc  nx_crypto_aes.o [14]
crypto_metadata_client  0x2400'0004    0x2d50  Data  Lc  app_netxduo.o [4]
crypto_method_aes_cbc_128
                        0x2400'3d90      0x20  Data  Gb  nx_crypto_methods.o [14]
crypto_method_aes_cbc_256
                        0x2400'3db0      0x20  Data  Gb  nx_crypto_methods.o [14]
crypto_method_hmac_sha256
                        0x2400'3dd0      0x20  Data  Gb  nx_crypto_methods.o [14]
crypto_method_md5       0x2400'3e10      0x20  Data  Gb  nx_crypto_methods.o [14]
crypto_method_rsa       0x2400'3df0      0x20  Data  Gb  nx_crypto_methods.o [14]
crypto_method_sha1      0x2400'3e30      0x20  Data  Gb  nx_crypto_methods.o [14]
crypto_method_sha256    0x2400'3e50      0x20  Data  Gb  nx_crypto_methods.o [14]
crypto_method_sha384    0x2400'3e70      0x20  Data  Gb  nx_crypto_methods.o [14]
crypto_method_sha512    0x2400'3e90      0x20  Data  Gb  nx_crypto_methods.o [14]
crypto_method_tls_prf_sha256
                        0x2400'3eb0      0x20  Data  Gb  nx_crypto_methods.o [14]
days_before_month        0x801'd99c      0x30  Data  Lc  nx_secure_x509_expiration_check.o [16]
decrypted_signature     0x2401'5448     0x200  Data  Lc  nx_secure_tls_process_server_key_exchange.o [16]
decrypted_signature     0x2401'5688     0x200  Data  Lc  nx_secure_x509_certificate_verify.o [16]
dns_create               0x801'1e85      0x28  Code  Gb  app_netxduo.o [4]
exit                     0x801'dae3       0x4  Code  Gb  exit.o [19]
fputc                    0x801'0095      0x14  Code  Gb  main.o [3]
generated_hash          0x2401'5e80      0x20  Data  Lc  nx_secure_tls_process_finished.o [16]
generated_hash          0x2401'5648      0x40  Data  Lc  nx_secure_x509_certificate_verify.o [16]
handshake_hash          0x2401'5e5c      0x24  Data  Lc  nx_secure_tls_finished_hash_generate.o [16]
handshake_hash          0x2401'4c94      0x84  Data  Lc  nx_secure_tls_send_certificate_verify.o [16]
hash                    0x2401'53c8      0x40  Data  Lc  nx_secure_tls_ecc_generate_keys.o [16]
hash                    0x2401'5408      0x40  Data  Lc  nx_secure_tls_process_server_key_exchange.o [16]
heth                    0x2401'59bc      0x88  Data  Gb  main.o [3]
hrng                    0x2401'5b9c      0x14  Data  Gb  main.o [3]
htim6                   0x2401'5d24      0x4c  Data  Gb  stm32h7xx_hal_timebase_tim.o [3]
huart3                  0x2401'5b0c      0x90  Data  Gb  main.o [3]
inverse_sub_bytes_sbox   0x801'8cd8     0x100  Data  Lc  nx_crypto_aes.o [14]
ip_address_change_notify_callback
                         0x801'1ded       0x6  Code  Lc  app_netxduo.o [4]
lan8742_io_deinit        0x801'01c1       0x4  Code  Lc  nx_stm32_phy_driver.o [10]
lan8742_io_get_tick      0x801'01f9       0x4  Code  Lc  nx_stm32_phy_driver.o [10]
lan8742_io_init          0x801'01b5       0xc  Code  Lc  nx_stm32_phy_driver.o [10]
lan8742_io_read_reg      0x801'01c5      0x10  Code  Lc  nx_stm32_phy_driver.o [10]
lan8742_io_write_reg     0x801'01d5       0xe  Code  Lc  nx_stm32_phy_driver.o [10]
ldexp                    0x801'4d51            Code  Gb  ldexp.o [20]
ldexpl                   0x801'4d51            Code  Gb  ldexp.o [20]
localeconv               0x801'4eb1       0x4  Code  Gb  xlocale_c.o [19]
main                     0x800'fdb5     0x1ae  Code  Gb  main.o [3]
memchr                   0x801'4c0d            Code  Gb  memchr.o [21]
memcpy                   0x801'dbb5       0xc  Code  Gb  memcpy.o [21]
memset                   0x800'ef3f      0x14  Code  Gb  memset.o [21]
message                 0x2401'4024      0x20  Data  Lc  app_netxduo.o [4]
message_buffer          0x2401'4044      0x20  Data  Lc  app_netxduo.o [4]
message_generate         0x801'1ead      0x2c  Code  Gb  app_netxduo.o [4]
mosquitto_org_der        0x801'975c     0x408  Data  Gb  app_netxduo.o [4]
mosquitto_org_der_len   0x2400'0000       0x4  Data  Gb  app_netxduo.o [4]
mqtt_app_flag           0x2401'4000      0x24  Data  Gb  app_netxduo.o [4]
mqtt_client_stack       0x2400'a000    0xa000  Data  Gb  app_netxduo.o [4]
my_disconnect_func       0x801'1e71       0x8  Code  Lc  app_netxduo.o [4]
my_notify_func           0x801'1e79       0xa  Code  Lc  app_netxduo.o [4]
nx_app_byte_pool        0x2401'4a08      0x34  Data  Lc  app_azure_rtos.o [2]
nx_byte_pool_buffer     0x2403'0200  0x1'4000  Data  Lc  app_azure_rtos.o [2]
nx_crypto_tls_ciphers   0x2400'3d70      0x18  Data  Gb  nx_crypto_generic_ciphersuites.o [14]
nx_driver_information   0x2401'5a4c      0x4c  Data  Lc  nx_stm32_eth_driver.o [9]
nx_eth_phy_get_link_state
                         0x801'01af       0x6  Code  Gb  nx_stm32_phy_driver.o [10]
nx_eth_phy_init          0x801'018d      0x22  Code  Gb  nx_stm32_phy_driver.o [10]
nx_secure_supported_versions_list
                        0x2400'3ed0       0x8  Data  Gb  nx_secure_tls_check_protocol_version.o [16]
nx_secure_tls_supported_versions
                         0x801'db34      0x10  Data  Lc  nx_secure_tls_check_protocol_version.o [16]
nx_stm32_eth_driver      0x800'e92d     0x5a2  Code  Gb  nx_stm32_eth_driver.o [9]
obuf                    0x2401'5cd4      0x50  Data  Lc  xfiles.o [19]
printf                   0x801'2335      0x28  Code  Gb  printf.o [19]
putchar                  0x801'db29       0xc  Code  Gb  putchar.o [19]
rand                     0x800'4969      0x90  Code  Gb  rand.o [19]
scalbln                  0x801'4d51            Code  Gb  ldexp.o [20]
scalblnl                 0x801'4d51            Code  Gb  ldexp.o [20]
scalbn                   0x801'4d51            Code  Gb  ldexp.o [20]
scalbnl                  0x801'4d51            Code  Gb  ldexp.o [20]
scale                    0x801'42f1      0x46  Code  Lc  xprintffull_nomb.o [19]
sec_hand                0x2401'5ef0       0x4  Data  Lc  xfail_s.o [19]
snprintf                 0x801'3469      0x44  Code  Gb  snprintf.o [19]
strchr                   0x801'4b7d            Code  Gb  strchr.o [21]
strlen                   0x801'4bd5            Code  Gb  strlen.o [21]
sub_bytes_sbox           0x801'87d8     0x100  Data  Lc  nx_crypto_aes.o [14]
temp_string_buffer      0x2401'5888     0x100  Data  Lc  nxd_dns.o [12]
tls_packet_buffer       0x2400'2d54     0xfa0  Data  Gb  app_netxduo.o [4]
tls_setup_callback       0x801'1ed9      0x9a  Code  Gb  app_netxduo.o [4]
topic_buffer            0x2401'4064       0xc  Data  Lc  app_netxduo.o [4]
tx_app_byte_pool        0x2401'49d4      0x34  Data  Lc  app_azure_rtos.o [2]
tx_application_define    0x801'1901      0x46  Code  Gb  app_azure_rtos.o [2]
tx_byte_pool_buffer     0x2401'45d4     0x400  Data  Lc  app_azure_rtos.o [2]
tx_thread_fpu_disable    0x801'1a27            Code  Gb  tx_thread_schedule.o [17]
tx_thread_fpu_enable     0x801'1a27            Code  Gb  tx_thread_schedule.o [17]
uwTick                  0x2400'428c       0x4  Data  Gb  stm32h7xx_hal.o [8]
uwTickFreq              0x2400'4288       0x1  Data  Gb  stm32h7xx_hal.o [8]
uwTickPrio              0x2400'4290       0x4  Data  Gb  stm32h7xx_hal.o [8]


[1] = D:\GitHub\STM32H743_Azure_MQTT_Client\Nx_MQTT_Client\EWARM\Nx_MQTT_Client\Obj\Application\EWARM
[2] = D:\GitHub\STM32H743_Azure_MQTT_Client\Nx_MQTT_Client\EWARM\Nx_MQTT_Client\Obj\Application\User\AZURE_RTOS\App
[3] = D:\GitHub\STM32H743_Azure_MQTT_Client\Nx_MQTT_Client\EWARM\Nx_MQTT_Client\Obj\Application\User\Core
[4] = D:\GitHub\STM32H743_Azure_MQTT_Client\Nx_MQTT_Client\EWARM\Nx_MQTT_Client\Obj\Application\User\NetXDuo\App
[5] = D:\GitHub\STM32H743_Azure_MQTT_Client\Nx_MQTT_Client\EWARM\Nx_MQTT_Client\Obj\Drivers\BSP\Components
[6] = D:\GitHub\STM32H743_Azure_MQTT_Client\Nx_MQTT_Client\EWARM\Nx_MQTT_Client\Obj\Drivers\BSP\STM32H735G-DK
[7] = D:\GitHub\STM32H743_Azure_MQTT_Client\Nx_MQTT_Client\EWARM\Nx_MQTT_Client\Obj\Drivers\CMSIS
[8] = D:\GitHub\STM32H743_Azure_MQTT_Client\Nx_MQTT_Client\EWARM\Nx_MQTT_Client\Obj\Drivers\STM32H7xx_HAL_Driver
[9] = D:\GitHub\STM32H743_Azure_MQTT_Client\Nx_MQTT_Client\EWARM\Nx_MQTT_Client\Obj\Middlewares\Interfaces\Network\Ethernet Interface
[10] = D:\GitHub\STM32H743_Azure_MQTT_Client\Nx_MQTT_Client\EWARM\Nx_MQTT_Client\Obj\Middlewares\Interfaces\Network\Ethernet Phy Interface\LAN8742_Phy_Interface
[11] = D:\GitHub\STM32H743_Azure_MQTT_Client\Nx_MQTT_Client\EWARM\Nx_MQTT_Client\Obj\Middlewares\NetXDuo\Network\NetXDuo\Addons DHCP Client
[12] = D:\GitHub\STM32H743_Azure_MQTT_Client\Nx_MQTT_Client\EWARM\Nx_MQTT_Client\Obj\Middlewares\NetXDuo\Network\NetXDuo\Addons DNS
[13] = D:\GitHub\STM32H743_Azure_MQTT_Client\Nx_MQTT_Client\EWARM\Nx_MQTT_Client\Obj\Middlewares\NetXDuo\Network\NetXDuo\Addons MQTT
[14] = D:\GitHub\STM32H743_Azure_MQTT_Client\Nx_MQTT_Client\EWARM\Nx_MQTT_Client\Obj\Middlewares\NetXDuo\Network\NetXDuo\Crypto
[15] = D:\GitHub\STM32H743_Azure_MQTT_Client\Nx_MQTT_Client\EWARM\Nx_MQTT_Client\Obj\Middlewares\NetXDuo\Network\NetXDuo\NX Core
[16] = D:\GitHub\STM32H743_Azure_MQTT_Client\Nx_MQTT_Client\EWARM\Nx_MQTT_Client\Obj\Middlewares\NetXDuo\Network\NetXDuo\TLS
[17] = D:\GitHub\STM32H743_Azure_MQTT_Client\Nx_MQTT_Client\EWARM\Nx_MQTT_Client\Obj\Middlewares\ThreadX\RTOS\ThreadX\Core
[18] = D:\GitHub\STM32H743_Azure_MQTT_Client\Nx_MQTT_Client\EWARM\Nx_MQTT_Client\Obj\Middlewares\ThreadX\RTOS\ThreadX\PerformanceInfo
[19] = dl7M_tlf.a
[20] = m7M_tlv.a
[21] = rt7M_tl.a
[22] = shb_l.a

  115'991 bytes of readonly  code memory
    7'746 bytes of readonly  data memory
  175'860 bytes of readwrite data memory (+ 192 absolute)

Errors: none
Warnings: none
